// Vitest Snapshot v1

exports[`Button 组件测试 > icon 1`] = `
<DocumentFragment>
  <button
    class="t-button t-button--theme-primary t-button--variant-base"
    type="button"
  >
    <svg
      class="t-icon t-icon-loading"
    >
      <use
        xlink:href="#t-icon-loading"
      />
    </svg>
  </button>
</DocumentFragment>
`;
