// Jest Snapshot v1, https://goo.gl/fbAQLP

exports[`async.jsx 1`] = `
<DocumentFragment>
  <div>
    <button
      class="t-button t-button--theme-primary t-button--variant-base"
      type="button"
    >
      <span
        class="t-button__text"
      >
        Open Modal
      </span>
    </button>
  </div>
</DocumentFragment>
`;

exports[`attach.jsx 1`] = `
<DocumentFragment>
  <div>
    <button
      class="t-button t-button--theme-primary t-button--variant-base"
      style="margin-right: 16px;"
      type="button"
    >
      <span
        class="t-button__text"
      >
        挂载在body
      </span>
    </button>
    <button
      class="t-button t-button--theme-primary t-button--variant-base"
      style="margin-right: 16px;"
      type="button"
    >
      <span
        class="t-button__text"
      >
        挂载特定元素
      </span>
    </button>
    <button
      class="t-button t-button--theme-primary t-button--variant-base"
      style="margin-right: 16px;"
      type="button"
    >
      <span
        class="t-button__text"
      >
        挂载函数返回节点
      </span>
    </button>
  </div>
</DocumentFragment>
`;

exports[`base.jsx 1`] = `
<DocumentFragment>
  <div>
    <button
      class="t-button t-button--theme-primary t-button--variant-base"
      type="button"
    >
      <span
        class="t-button__text"
      >
        Open Modal
      </span>
    </button>
  </div>
</DocumentFragment>
`;

exports[`custom.jsx 1`] = `
<DocumentFragment>
  <div>
    <button
      class="t-button t-button--theme-primary t-button--variant-base"
      style="margin-right: 16px;"
      type="button"
    >
      <span
        class="t-button__text"
      >
        只显示确认按钮
      </span>
    </button>
    <button
      class="t-button t-button--theme-primary t-button--variant-base"
      style="margin-right: 16px;"
      type="button"
    >
      <span
        class="t-button__text"
      >
        自定义按钮内容
      </span>
    </button>
    <button
      class="t-button t-button--theme-primary t-button--variant-base"
      style="margin-right: 16px;"
      type="button"
    >
      <span
        class="t-button__text"
      >
        自定义内容
      </span>
    </button>
  </div>
</DocumentFragment>
`;

exports[`icon.jsx 1`] = `
<DocumentFragment>
  <div>
    <button
      class="t-button t-button--theme-primary t-button--variant-base"
      type="button"
    >
      <span
        class="t-button__text"
      >
        Open Modal
      </span>
    </button>
  </div>
</DocumentFragment>
`;

exports[`modal.jsx 1`] = `
<DocumentFragment>
  <div>
    <button
      class="t-button t-button--theme-primary t-button--variant-base"
      type="button"
    >
      <span
        class="t-button__text"
      >
        Open Modal
      </span>
    </button>
  </div>
</DocumentFragment>
`;

exports[`plugin.jsx 1`] = `
<DocumentFragment>
  <div
    class="tdesign-demo-block-column"
  >
    <p>
      函数调用方式一：DialogPlugin(options)
    </p>
    <p>
      函数调用方式二：DialogPlugin.confirm(options)
    </p>
    <p>
      函数调用方式三：DialogPlugin.alert(options)
    </p>
    <div
      class="tdesign-demo-block-row"
    >
      <button
        class="t-button t-button--theme-primary t-button--variant-base"
        style="margin-right: 16px;"
        type="button"
      >
        <span
          class="t-button__text"
        >
          dialog
        </span>
      </button>
      <button
        class="t-button t-button--theme-primary t-button--variant-base"
        style="margin-right: 16px;"
        type="button"
      >
        <span
          class="t-button__text"
        >
          handleDialogNode
        </span>
      </button>
      <button
        class="t-button t-button--theme-primary t-button--variant-base"
        style="margin-right: 16px;"
        type="button"
      >
        <span
          class="t-button__text"
        >
          confirm
        </span>
      </button>
      <button
        class="t-button t-button--theme-primary t-button--variant-base"
        style="margin-right: 16px;"
        type="button"
      >
        <span
          class="t-button__text"
        >
          alert
        </span>
      </button>
      <button
        class="t-button t-button--theme-primary t-button--variant-base"
        style="margin-right: 16px;"
        type="button"
      >
        <span
          class="t-button__text"
        >
          DialogPlugin.confirm
        </span>
      </button>
    </div>
  </div>
</DocumentFragment>
`;

exports[`position.jsx 1`] = `
<DocumentFragment>
  <div>
    <div>
      <button
        class="t-button t-button--theme-primary t-button--variant-base"
        style="margin-right: 16px;"
        type="button"
      >
        <span
          class="t-button__text"
        >
          默认
        </span>
      </button>
      <button
        class="t-button t-button--theme-primary t-button--variant-base"
        style="margin-right: 16px;"
        type="button"
      >
        <span
          class="t-button__text"
        >
          顶部
        </span>
      </button>
      <button
        class="t-button t-button--theme-primary t-button--variant-base"
        type="button"
      >
        <span
          class="t-button__text"
        >
          自定义
        </span>
      </button>
    </div>
  </div>
</DocumentFragment>
`;

exports[`warning.jsx 1`] = `
<DocumentFragment>
  <div>
    <button
      class="t-button t-button--theme-primary t-button--variant-base"
      style="margin-right: 16px;"
      type="button"
    >
      <span
        class="t-button__text"
      >
        提示反馈
      </span>
    </button>
    <button
      class="t-button t-button--theme-primary t-button--variant-base"
      style="margin-right: 16px;"
      type="button"
    >
      <span
        class="t-button__text"
      >
        成功反馈
      </span>
    </button>
    <button
      class="t-button t-button--theme-primary t-button--variant-base"
      style="margin-right: 16px;"
      type="button"
    >
      <span
        class="t-button__text"
      >
        警示反馈
      </span>
    </button>
    <button
      class="t-button t-button--theme-primary t-button--variant-base"
      style="margin-right: 16px;"
      type="button"
    >
      <span
        class="t-button__text"
      >
        错误反馈
      </span>
    </button>
  </div>
</DocumentFragment>
`;
