// Jest Snapshot v1, https://goo.gl/fbAQLP

exports[`base.jsx 1`] = `
<DocumentFragment>
  <div
    class="tdesign-demo-block-column"
  >
    <div
      class="t-popup__reference t-cascader__popup"
    >
      <span
        class="t-trigger"
      >
        <div
          class="t-cascader t-size-m"
          style="margin-top: 16px;"
        >
          <span
            class="t-cascader__content"
          >
            选项一 / 子选项一
          </span>
          <svg
            class="t-fake-arrow t-cascader__icon"
            fill="none"
            height="16"
            viewBox="0 0 16 16"
            width="16"
            xmlns="http://www.w3.org/2000/svg"
          >
            <path
              d="M3.75 5.7998L7.99274 10.0425L12.2361 5.79921"
              stroke="black"
              stroke-opacity="0.9"
              stroke-width="1.3"
            />
          </svg>
        </div>
      </span>
    </div>
  </div>
</DocumentFragment>
`;

exports[`check-strictly.jsx 1`] = `
<DocumentFragment>
  <div
    class="tdesign-demo-block-column"
  >
    <div
      class="t-popup__reference t-cascader__popup"
    >
      <span
        class="t-trigger"
      >
        <div
          class="t-cascader t-size-m"
          style="margin-top: 16px;"
        >
          <span
            class="t-cascader__content"
          >
            1 / 1.2 / 1.2.2
          </span>
          <svg
            class="t-fake-arrow t-cascader__icon"
            fill="none"
            height="16"
            viewBox="0 0 16 16"
            width="16"
            xmlns="http://www.w3.org/2000/svg"
          >
            <path
              d="M3.75 5.7998L7.99274 10.0425L12.2361 5.79921"
              stroke="black"
              stroke-opacity="0.9"
              stroke-width="1.3"
            />
          </svg>
        </div>
      </span>
    </div>
    <div
      class="t-popup__reference t-cascader__popup"
    >
      <span
        class="t-trigger"
      >
        <div
          class="t-cascader t-size-m t-cascader--multiple"
          style="margin-top: 16px;"
        >
          <span
            class="t-tag t-tag--default t-tag--dark t-tag--medium t-tag--square"
          >
            1.1.2.1
            <svg
              class="t-icon t-icon-close t-tag__icon-close"
              fill="none"
              height="1em"
              viewBox="0 0 16 16"
              width="1em"
            >
              <path
                d="M8 8.92L11.08 12l.92-.92L8.92 8 12 4.92 11.08 4 8 7.08 4.92 4 4 4.92 7.08 8 4 11.08l.92.92L8 8.92z"
                fill="currentColor"
                fill-opacity="0.9"
              />
            </svg>
          </span>
          <span
            class="t-tag t-tag--default t-tag--dark t-tag--medium t-tag--square"
          >
            2
            <svg
              class="t-icon t-icon-close t-tag__icon-close"
              fill="none"
              height="1em"
              viewBox="0 0 16 16"
              width="1em"
            >
              <path
                d="M8 8.92L11.08 12l.92-.92L8.92 8 12 4.92 11.08 4 8 7.08 4.92 4 4 4.92 7.08 8 4 11.08l.92.92L8 8.92z"
                fill="currentColor"
                fill-opacity="0.9"
              />
            </svg>
          </span>
          <svg
            class="t-fake-arrow t-cascader__icon"
            fill="none"
            height="16"
            viewBox="0 0 16 16"
            width="16"
            xmlns="http://www.w3.org/2000/svg"
          >
            <path
              d="M3.75 5.7998L7.99274 10.0425L12.2361 5.79921"
              stroke="black"
              stroke-opacity="0.9"
              stroke-width="1.3"
            />
          </svg>
        </div>
      </span>
    </div>
  </div>
</DocumentFragment>
`;

exports[`collapsed.jsx 1`] = `
<DocumentFragment>
  <div
    class="tdesign-demo-block-column"
  >
    <div
      class="t-popup__reference t-cascader__popup"
    >
      <span
        class="t-trigger"
      >
        <div
          class="t-cascader t-size-m t-cascader--multiple"
          style="margin-top: 16px;"
        >
          <span
            class="t-tag t-tag--default t-tag--dark t-tag--medium t-tag--square"
          >
            子选项一
            <svg
              class="t-icon t-icon-close t-tag__icon-close"
              fill="none"
              height="1em"
              viewBox="0 0 16 16"
              width="1em"
            >
              <path
                d="M8 8.92L11.08 12l.92-.92L8.92 8 12 4.92 11.08 4 8 7.08 4.92 4 4 4.92 7.08 8 4 11.08l.92.92L8 8.92z"
                fill="currentColor"
                fill-opacity="0.9"
              />
            </svg>
          </span>
          <span
            class="t-tag t-tag--default t-tag--dark t-tag--medium t-tag--square"
          >
            +2
          </span>
          <svg
            class="t-fake-arrow t-cascader__icon"
            fill="none"
            height="16"
            viewBox="0 0 16 16"
            width="16"
            xmlns="http://www.w3.org/2000/svg"
          >
            <path
              d="M3.75 5.7998L7.99274 10.0425L12.2361 5.79921"
              stroke="black"
              stroke-opacity="0.9"
              stroke-width="1.3"
            />
          </svg>
        </div>
      </span>
    </div>
    <div
      class="t-popup__reference t-cascader__popup"
    >
      <span
        class="t-trigger"
      >
        <div
          class="t-cascader t-size-m t-cascader--multiple"
          style="margin-top: 16px;"
        >
          <span
            class="t-tag t-tag--default t-tag--dark t-tag--medium t-tag--square"
          >
            子选项一
            <svg
              class="t-icon t-icon-close t-tag__icon-close"
              fill="none"
              height="1em"
              viewBox="0 0 16 16"
              width="1em"
            >
              <path
                d="M8 8.92L11.08 12l.92-.92L8.92 8 12 4.92 11.08 4 8 7.08 4.92 4 4 4.92 7.08 8 4 11.08l.92.92L8 8.92z"
                fill="currentColor"
                fill-opacity="0.9"
              />
            </svg>
          </span>
          <span
            class="t-tag t-tag--default t-tag--dark t-tag--medium t-tag--square"
          >
            子选项二
            <svg
              class="t-icon t-icon-close t-tag__icon-close"
              fill="none"
              height="1em"
              viewBox="0 0 16 16"
              width="1em"
            >
              <path
                d="M8 8.92L11.08 12l.92-.92L8.92 8 12 4.92 11.08 4 8 7.08 4.92 4 4 4.92 7.08 8 4 11.08l.92.92L8 8.92z"
                fill="currentColor"
                fill-opacity="0.9"
              />
            </svg>
          </span>
          <span
            class="t-tag t-tag--default t-tag--dark t-tag--medium t-tag--square"
          >
            +1
          </span>
          <svg
            class="t-fake-arrow t-cascader__icon"
            fill="none"
            height="16"
            viewBox="0 0 16 16"
            width="16"
            xmlns="http://www.w3.org/2000/svg"
          >
            <path
              d="M3.75 5.7998L7.99274 10.0425L12.2361 5.79921"
              stroke="black"
              stroke-opacity="0.9"
              stroke-width="1.3"
            />
          </svg>
        </div>
      </span>
    </div>
    <div
      class="t-popup__reference t-cascader__popup"
    >
      <span
        class="t-trigger"
      >
        <div
          class="t-cascader t-size-m t-cascader--multiple"
          style="margin-top: 16px;"
        >
          <span
            class="t-tag t-tag--default t-tag--dark t-tag--medium t-tag--square"
          >
            子选项一
            <svg
              class="t-icon t-icon-close t-tag__icon-close"
              fill="none"
              height="1em"
              viewBox="0 0 16 16"
              width="1em"
            >
              <path
                d="M8 8.92L11.08 12l.92-.92L8.92 8 12 4.92 11.08 4 8 7.08 4.92 4 4 4.92 7.08 8 4 11.08l.92.92L8 8.92z"
                fill="currentColor"
                fill-opacity="0.9"
              />
            </svg>
          </span>
          <div>
            自定义内容
          </div>
          <svg
            class="t-fake-arrow t-cascader__icon"
            fill="none"
            height="16"
            viewBox="0 0 16 16"
            width="16"
            xmlns="http://www.w3.org/2000/svg"
          >
            <path
              d="M3.75 5.7998L7.99274 10.0425L12.2361 5.79921"
              stroke="black"
              stroke-opacity="0.9"
              stroke-width="1.3"
            />
          </svg>
        </div>
      </span>
    </div>
  </div>
</DocumentFragment>
`;

exports[`disabled.jsx 1`] = `
<DocumentFragment>
  <div
    class="tdesign-demo-block-column"
  >
    <div
      class="t-popup__reference t-cascader__popup"
    >
      <span
        class="t-trigger"
      >
        <div
          class="t-cascader t-is-disabled t-size-m"
          style="margin-top: 16px;"
        >
          <span
            class="t-cascader__content"
          >
            选项一 / 子选项一
          </span>
          <svg
            class="t-fake-arrow t-cascader__icon t-is-disabled"
            fill="none"
            height="16"
            viewBox="0 0 16 16"
            width="16"
            xmlns="http://www.w3.org/2000/svg"
          >
            <path
              d="M3.75 5.7998L7.99274 10.0425L12.2361 5.79921"
              stroke="black"
              stroke-opacity="0.9"
              stroke-width="1.3"
            />
          </svg>
        </div>
      </span>
    </div>
    <div
      class="t-popup__reference t-cascader__popup"
    >
      <span
        class="t-trigger"
      >
        <div
          class="t-cascader t-is-disabled t-size-m t-cascader--multiple"
          style="margin-top: 16px;"
        >
          <span
            class="t-tag t-tag--default t-tag--dark t-tag--medium t-tag--square t-tag--disabled"
          >
            子选项一
          </span>
          <svg
            class="t-fake-arrow t-cascader__icon t-is-disabled"
            fill="none"
            height="16"
            viewBox="0 0 16 16"
            width="16"
            xmlns="http://www.w3.org/2000/svg"
          >
            <path
              d="M3.75 5.7998L7.99274 10.0425L12.2361 5.79921"
              stroke="black"
              stroke-opacity="0.9"
              stroke-width="1.3"
            />
          </svg>
        </div>
      </span>
    </div>
  </div>
</DocumentFragment>
`;

exports[`ellipsis.jsx 1`] = `
<DocumentFragment>
  <div
    class="tdesign-demo-block-column"
  >
    <div
      class="t-popup__reference t-cascader__popup"
    >
      <span
        class="t-trigger"
      >
        <div
          class="t-cascader t-size-m"
          style="margin-top: 16px;"
        >
          <span
            class="t-cascader__placeholder"
          >
            请选择
          </span>
          <svg
            class="t-fake-arrow t-cascader__icon"
            fill="none"
            height="16"
            viewBox="0 0 16 16"
            width="16"
            xmlns="http://www.w3.org/2000/svg"
          >
            <path
              d="M3.75 5.7998L7.99274 10.0425L12.2361 5.79921"
              stroke="black"
              stroke-opacity="0.9"
              stroke-width="1.3"
            />
          </svg>
        </div>
      </span>
    </div>
  </div>
</DocumentFragment>
`;

exports[`filterable.jsx 1`] = `
<DocumentFragment>
  <div
    class="tdesign-demo-block-column"
  >
    <div
      class="t-popup__reference t-cascader__popup"
    >
      <span
        class="t-trigger"
      >
        <div
          class="t-cascader t-size-m"
          style="margin-top: 16px;"
        >
          <span
            class="t-cascader__placeholder"
          >
            请选择
          </span>
          <svg
            class="t-fake-arrow t-cascader__icon"
            fill="none"
            height="16"
            viewBox="0 0 16 16"
            width="16"
            xmlns="http://www.w3.org/2000/svg"
          >
            <path
              d="M3.75 5.7998L7.99274 10.0425L12.2361 5.79921"
              stroke="black"
              stroke-opacity="0.9"
              stroke-width="1.3"
            />
          </svg>
        </div>
      </span>
    </div>
    <div
      class="t-popup__reference t-cascader__popup"
    >
      <span
        class="t-trigger"
      >
        <div
          class="t-cascader t-size-m t-cascader--multiple"
          style="margin-top: 16px;"
        >
          <span
            class="t-tag t-tag--default t-tag--dark t-tag--medium t-tag--square"
          >
            子选项一
            <svg
              class="t-icon t-icon-close t-tag__icon-close"
              fill="none"
              height="1em"
              viewBox="0 0 16 16"
              width="1em"
            >
              <path
                d="M8 8.92L11.08 12l.92-.92L8.92 8 12 4.92 11.08 4 8 7.08 4.92 4 4 4.92 7.08 8 4 11.08l.92.92L8 8.92z"
                fill="currentColor"
                fill-opacity="0.9"
              />
            </svg>
          </span>
          <svg
            class="t-fake-arrow t-cascader__icon"
            fill="none"
            height="16"
            viewBox="0 0 16 16"
            width="16"
            xmlns="http://www.w3.org/2000/svg"
          >
            <path
              d="M3.75 5.7998L7.99274 10.0425L12.2361 5.79921"
              stroke="black"
              stroke-opacity="0.9"
              stroke-width="1.3"
            />
          </svg>
        </div>
      </span>
    </div>
  </div>
</DocumentFragment>
`;

exports[`keys.jsx 1`] = `
<DocumentFragment>
  <div
    class="tdesign-demo-block-column"
  >
    <div
      class="t-popup__reference t-cascader__popup"
    >
      <span
        class="t-trigger"
      >
        <div
          class="t-cascader t-size-m"
          style="margin-top: 16px;"
        >
          <span
            class="t-cascader__placeholder"
          >
            请选择
          </span>
          <svg
            class="t-fake-arrow t-cascader__icon"
            fill="none"
            height="16"
            viewBox="0 0 16 16"
            width="16"
            xmlns="http://www.w3.org/2000/svg"
          >
            <path
              d="M3.75 5.7998L7.99274 10.0425L12.2361 5.79921"
              stroke="black"
              stroke-opacity="0.9"
              stroke-width="1.3"
            />
          </svg>
        </div>
      </span>
    </div>
  </div>
</DocumentFragment>
`;

exports[`load.jsx 1`] = `
<DocumentFragment>
  <div
    class="tdesign-demo-block-column"
  >
    <div
      class="t-popup__reference t-cascader__popup"
    >
      <span
        class="t-trigger"
      >
        <div
          class="t-cascader t-size-m"
          style="margin-top: 16px;"
        >
          <span
            class="t-cascader__placeholder"
          >
            请选择
          </span>
          <svg
            class="t-fake-arrow t-cascader__icon"
            fill="none"
            height="16"
            viewBox="0 0 16 16"
            width="16"
            xmlns="http://www.w3.org/2000/svg"
          >
            <path
              d="M3.75 5.7998L7.99274 10.0425L12.2361 5.79921"
              stroke="black"
              stroke-opacity="0.9"
              stroke-width="1.3"
            />
          </svg>
        </div>
      </span>
    </div>
  </div>
</DocumentFragment>
`;

exports[`max.jsx 1`] = `
<DocumentFragment>
  <div
    class="tdesign-demo-block-column"
  >
    <div
      class="t-popup__reference t-cascader__popup"
    >
      <span
        class="t-trigger"
      >
        <div
          class="t-cascader t-size-m t-cascader--multiple"
          style="margin-top: 16px;"
        >
          <span
            class="t-cascader__placeholder"
          >
            请选择
          </span>
          <svg
            class="t-fake-arrow t-cascader__icon"
            fill="none"
            height="16"
            viewBox="0 0 16 16"
            width="16"
            xmlns="http://www.w3.org/2000/svg"
          >
            <path
              d="M3.75 5.7998L7.99274 10.0425L12.2361 5.79921"
              stroke="black"
              stroke-opacity="0.9"
              stroke-width="1.3"
            />
          </svg>
        </div>
      </span>
    </div>
  </div>
</DocumentFragment>
`;

exports[`multiple.jsx 1`] = `
<DocumentFragment>
  <div
    class="tdesign-demo-block-column"
  >
    <div
      class="t-popup__reference t-cascader__popup"
    >
      <span
        class="t-trigger"
      >
        <div
          class="t-cascader t-size-m t-cascader--multiple"
          style="margin-top: 16px;"
        >
          <span
            class="t-tag t-tag--default t-tag--dark t-tag--medium t-tag--square"
          >
            子选项一
            <svg
              class="t-icon t-icon-close t-tag__icon-close"
              fill="none"
              height="1em"
              viewBox="0 0 16 16"
              width="1em"
            >
              <path
                d="M8 8.92L11.08 12l.92-.92L8.92 8 12 4.92 11.08 4 8 7.08 4.92 4 4 4.92 7.08 8 4 11.08l.92.92L8 8.92z"
                fill="currentColor"
                fill-opacity="0.9"
              />
            </svg>
          </span>
          <svg
            class="t-fake-arrow t-cascader__icon"
            fill="none"
            height="16"
            viewBox="0 0 16 16"
            width="16"
            xmlns="http://www.w3.org/2000/svg"
          >
            <path
              d="M3.75 5.7998L7.99274 10.0425L12.2361 5.79921"
              stroke="black"
              stroke-opacity="0.9"
              stroke-width="1.3"
            />
          </svg>
        </div>
      </span>
    </div>
  </div>
</DocumentFragment>
`;

exports[`show-all-levels.jsx 1`] = `
<DocumentFragment>
  <div
    class="tdesign-demo-block-column"
  >
    <div
      class="t-popup__reference t-cascader__popup"
    >
      <span
        class="t-trigger"
      >
        <div
          class="t-cascader t-size-m"
          style="margin-top: 16px;"
        >
          <span
            class="t-cascader__placeholder"
          >
            请选择
          </span>
          <svg
            class="t-fake-arrow t-cascader__icon"
            fill="none"
            height="16"
            viewBox="0 0 16 16"
            width="16"
            xmlns="http://www.w3.org/2000/svg"
          >
            <path
              d="M3.75 5.7998L7.99274 10.0425L12.2361 5.79921"
              stroke="black"
              stroke-opacity="0.9"
              stroke-width="1.3"
            />
          </svg>
        </div>
      </span>
    </div>
  </div>
</DocumentFragment>
`;

exports[`size.jsx 1`] = `
<DocumentFragment>
  <div
    class="tdesign-demo-block-column"
  >
    <div
      class="t-popup__reference t-cascader__popup"
    >
      <span
        class="t-trigger"
      >
        <div
          class="t-cascader t-size-s"
          style="margin-top: 16px;"
        >
          <span
            class="t-cascader__placeholder"
          >
            请选择
          </span>
          <svg
            class="t-fake-arrow t-cascader__icon"
            fill="none"
            height="16"
            viewBox="0 0 16 16"
            width="16"
            xmlns="http://www.w3.org/2000/svg"
          >
            <path
              d="M3.75 5.7998L7.99274 10.0425L12.2361 5.79921"
              stroke="black"
              stroke-opacity="0.9"
              stroke-width="1.3"
            />
          </svg>
        </div>
      </span>
    </div>
    <div
      class="t-popup__reference t-cascader__popup"
    >
      <span
        class="t-trigger"
      >
        <div
          class="t-cascader t-size-m"
          style="margin-top: 16px;"
        >
          <span
            class="t-cascader__placeholder"
          >
            请选择
          </span>
          <svg
            class="t-fake-arrow t-cascader__icon"
            fill="none"
            height="16"
            viewBox="0 0 16 16"
            width="16"
            xmlns="http://www.w3.org/2000/svg"
          >
            <path
              d="M3.75 5.7998L7.99274 10.0425L12.2361 5.79921"
              stroke="black"
              stroke-opacity="0.9"
              stroke-width="1.3"
            />
          </svg>
        </div>
      </span>
    </div>
    <div
      class="t-popup__reference t-cascader__popup"
    >
      <span
        class="t-trigger"
      >
        <div
          class="t-cascader t-size-l"
          style="margin-top: 16px;"
        >
          <span
            class="t-cascader__placeholder"
          >
            请选择
          </span>
          <svg
            class="t-fake-arrow t-cascader__icon"
            fill="none"
            height="16"
            viewBox="0 0 16 16"
            width="16"
            xmlns="http://www.w3.org/2000/svg"
          >
            <path
              d="M3.75 5.7998L7.99274 10.0425L12.2361 5.79921"
              stroke="black"
              stroke-opacity="0.9"
              stroke-width="1.3"
            />
          </svg>
        </div>
      </span>
    </div>
  </div>
</DocumentFragment>
`;

exports[`trigger.jsx 1`] = `
<DocumentFragment>
  <div
    class="tdesign-demo-block-column"
  >
    <div
      class="t-popup__reference t-cascader__popup"
    >
      <span
        class="t-trigger"
      >
        <div
          class="t-cascader t-size-m"
          style="margin-top: 16px;"
        >
          <span
            class="t-cascader__placeholder"
          >
            请选择
          </span>
          <svg
            class="t-fake-arrow t-cascader__icon"
            fill="none"
            height="16"
            viewBox="0 0 16 16"
            width="16"
            xmlns="http://www.w3.org/2000/svg"
          >
            <path
              d="M3.75 5.7998L7.99274 10.0425L12.2361 5.79921"
              stroke="black"
              stroke-opacity="0.9"
              stroke-width="1.3"
            />
          </svg>
        </div>
      </span>
    </div>
    <div
      class="t-popup__reference t-cascader__popup"
    >
      <span
        class="t-trigger"
      >
        <div
          class="t-cascader t-size-m"
          style="margin-top: 16px;"
        >
          <span
            class="t-cascader__placeholder"
          >
            请选择
          </span>
          <svg
            class="t-fake-arrow t-cascader__icon"
            fill="none"
            height="16"
            viewBox="0 0 16 16"
            width="16"
            xmlns="http://www.w3.org/2000/svg"
          >
            <path
              d="M3.75 5.7998L7.99274 10.0425L12.2361 5.79921"
              stroke="black"
              stroke-opacity="0.9"
              stroke-width="1.3"
            />
          </svg>
        </div>
      </span>
    </div>
  </div>
</DocumentFragment>
`;

exports[`value-mode.jsx 1`] = `
<DocumentFragment>
  <div
    class="tdesign-demo-block-column"
  >
    <div
      class="t-popup__reference t-cascader__popup"
    >
      <span
        class="t-trigger"
      >
        <div
          class="t-cascader t-size-m t-cascader--multiple"
          style="margin-top: 16px;"
        >
          <span
            class="t-cascader__placeholder"
          >
            请选择
          </span>
          <svg
            class="t-fake-arrow t-cascader__icon"
            fill="none"
            height="16"
            viewBox="0 0 16 16"
            width="16"
            xmlns="http://www.w3.org/2000/svg"
          >
            <path
              d="M3.75 5.7998L7.99274 10.0425L12.2361 5.79921"
              stroke="black"
              stroke-opacity="0.9"
              stroke-width="1.3"
            />
          </svg>
        </div>
      </span>
    </div>
    <div
      class="t-popup__reference t-cascader__popup"
    >
      <span
        class="t-trigger"
      >
        <div
          class="t-cascader t-size-m t-cascader--multiple"
          style="margin-top: 16px;"
        >
          <span
            class="t-cascader__placeholder"
          >
            请选择
          </span>
          <svg
            class="t-fake-arrow t-cascader__icon"
            fill="none"
            height="16"
            viewBox="0 0 16 16"
            width="16"
            xmlns="http://www.w3.org/2000/svg"
          >
            <path
              d="M3.75 5.7998L7.99274 10.0425L12.2361 5.79921"
              stroke="black"
              stroke-opacity="0.9"
              stroke-width="1.3"
            />
          </svg>
        </div>
      </span>
    </div>
    <div
      class="t-popup__reference t-cascader__popup"
    >
      <span
        class="t-trigger"
      >
        <div
          class="t-cascader t-size-m t-cascader--multiple"
          style="margin-top: 16px;"
        >
          <span
            class="t-cascader__placeholder"
          >
            请选择
          </span>
          <svg
            class="t-fake-arrow t-cascader__icon"
            fill="none"
            height="16"
            viewBox="0 0 16 16"
            width="16"
            xmlns="http://www.w3.org/2000/svg"
          >
            <path
              d="M3.75 5.7998L7.99274 10.0425L12.2361 5.79921"
              stroke="black"
              stroke-opacity="0.9"
              stroke-width="1.3"
            />
          </svg>
        </div>
      </span>
    </div>
  </div>
</DocumentFragment>
`;
