// Jest Snapshot v1, https://goo.gl/fbAQLP

exports[`base.jsx 1`] = `
<DocumentFragment>
  <div
    class="tdesign-demo-item--datepicker"
  >
    <div
      class="t-date-picker t-size-m"
    >
      <div
        class="t-popup__reference t-date-picker__popup-reference"
      >
        <div
          class="t-form-controls"
        >
          <div
            class="t-input t-input--suffix"
          >
            <input
              class="t-input__inner"
              placeholder="请选择日期"
              readonly=""
              value=""
            />
            <span
              class="t-input__suffix"
            >
              <svg
                class="t-icon t-icon-calendar"
                fill="none"
                height="1em"
                viewBox="0 0 16 16"
                width="1em"
              >
                <path
                  d="M10 3H6V1.5H5V3H3a1 1 0 00-1 1v9a1 1 0 001 1h10a1 1 0 001-1V4a1 1 0 00-1-1h-2V1.5h-1V3zM5 5h1V4h4v1h1V4h2v2H3V4h2v1zM3 7h10v6H3V7z"
                  fill="currentColor"
                  fill-opacity="0.9"
                />
              </svg>
            </span>
          </div>
        </div>
      </div>
    </div>
  </div>
</DocumentFragment>
`;

exports[`date-presets-alt.jsx 1`] = `
<DocumentFragment>
  <div
    class="tdesign-demo-item--datepicker"
  >
    <div
      class="t-date-picker t-size-m"
    >
      <div
        class="t-popup__reference t-date-picker__popup-reference"
      >
        <div
          class="t-form-controls"
        >
          <div
            class="t-input t-input--suffix"
          >
            <input
              class="t-input__inner"
              placeholder="请选择日期"
              readonly=""
              value="2020-01-01 至 2020-08-08"
            />
            <span
              class="t-input__suffix"
            >
              <svg
                class="t-icon t-icon-calendar"
                fill="none"
                height="1em"
                viewBox="0 0 16 16"
                width="1em"
              >
                <path
                  d="M10 3H6V1.5H5V3H3a1 1 0 00-1 1v9a1 1 0 001 1h10a1 1 0 001-1V4a1 1 0 00-1-1h-2V1.5h-1V3zM5 5h1V4h4v1h1V4h2v2H3V4h2v1zM3 7h10v6H3V7z"
                  fill="currentColor"
                  fill-opacity="0.9"
                />
              </svg>
            </span>
          </div>
        </div>
      </div>
    </div>
    <br />
    <div>
      日期: 2020-1-1 至 2020-8-8
    </div>
  </div>
</DocumentFragment>
`;

exports[`date-range.jsx 1`] = `
<DocumentFragment>
  <div
    class="tdesign-demo-item--datepicker tdesign-demo-block-column"
  >
    <div
      class="t-date-picker t-size-m"
    >
      <div
        class="t-popup__reference t-date-picker__popup-reference"
      >
        <div
          class="t-form-controls"
        >
          <div
            class="t-input t-input--suffix"
          >
            <input
              class="t-input__inner"
              placeholder="请选择日期"
              readonly=""
              value=""
            />
            <span
              class="t-input__suffix"
            >
              <svg
                class="t-icon t-icon-calendar"
                fill="none"
                height="1em"
                viewBox="0 0 16 16"
                width="1em"
              >
                <path
                  d="M10 3H6V1.5H5V3H3a1 1 0 00-1 1v9a1 1 0 001 1h10a1 1 0 001-1V4a1 1 0 00-1-1h-2V1.5h-1V3zM5 5h1V4h4v1h1V4h2v2H3V4h2v1zM3 7h10v6H3V7z"
                  fill="currentColor"
                  fill-opacity="0.9"
                />
              </svg>
            </span>
          </div>
        </div>
      </div>
    </div>
    <div
      class="t-date-picker t-size-m"
    >
      <div
        class="t-popup__reference t-date-picker__popup-reference"
      >
        <div
          class="t-form-controls"
        >
          <div
            class="t-input t-input--suffix"
          >
            <input
              class="t-input__inner"
              placeholder="请选择日期"
              readonly=""
              value=""
            />
            <span
              class="t-input__suffix"
            >
              <svg
                class="t-icon t-icon-time"
                fill="none"
                height="1em"
                viewBox="0 0 16 16"
                width="1em"
              >
                <path
                  d="M7.5 4v4.39L10 11l.7-.7-2.2-2.33V4h-1z"
                  fill="currentColor"
                  fill-opacity="0.9"
                />
                <path
                  d="M15 8A7 7 0 111 8a7 7 0 0114 0zm-1 0A6 6 0 102 8a6 6 0 0012 0z"
                  fill="currentColor"
                  fill-opacity="0.9"
                />
              </svg>
            </span>
          </div>
        </div>
      </div>
    </div>
  </div>
</DocumentFragment>
`;

exports[`date-time.jsx 1`] = `
<DocumentFragment>
  <div
    class="tdesign-demo-item--datepicker"
  >
    <div
      class="t-date-picker t-size-m"
    >
      <div
        class="t-popup__reference t-date-picker__popup-reference"
      >
        <div
          class="t-form-controls"
        >
          <div
            class="t-input t-input--suffix"
          >
            <input
              class="t-input__inner"
              placeholder="请选择日期"
              readonly=""
              value="2021-05-01 11:30:20"
            />
            <span
              class="t-input__suffix"
            >
              <svg
                class="t-icon t-icon-time"
                fill="none"
                height="1em"
                viewBox="0 0 16 16"
                width="1em"
              >
                <path
                  d="M7.5 4v4.39L10 11l.7-.7-2.2-2.33V4h-1z"
                  fill="currentColor"
                  fill-opacity="0.9"
                />
                <path
                  d="M15 8A7 7 0 111 8a7 7 0 0114 0zm-1 0A6 6 0 102 8a6 6 0 0012 0z"
                  fill="currentColor"
                  fill-opacity="0.9"
                />
              </svg>
            </span>
          </div>
        </div>
      </div>
    </div>
  </div>
</DocumentFragment>
`;

exports[`disable-date.jsx 1`] = `
<DocumentFragment>
  <div
    class="tdesign-demo-block-column"
  >
    <div
      class="tdesign-demo-item--datepicker"
    >
      <div
        class="t-date-picker t-size-m"
      >
        <div
          class="t-popup__reference t-date-picker__popup-reference"
        >
          <div
            class="t-form-controls"
          >
            <div
              class="t-input t-input--suffix"
            >
              <input
                class="t-input__inner"
                placeholder="请选择日期"
                readonly=""
                value=""
              />
              <span
                class="t-input__suffix"
              >
                <svg
                  class="t-icon t-icon-calendar"
                  fill="none"
                  height="1em"
                  viewBox="0 0 16 16"
                  width="1em"
                >
                  <path
                    d="M10 3H6V1.5H5V3H3a1 1 0 00-1 1v9a1 1 0 001 1h10a1 1 0 001-1V4a1 1 0 00-1-1h-2V1.5h-1V3zM5 5h1V4h4v1h1V4h2v2H3V4h2v1zM3 7h10v6H3V7z"
                    fill="currentColor"
                    fill-opacity="0.9"
                  />
                </svg>
              </span>
            </div>
          </div>
        </div>
      </div>
    </div>
    <div
      class="tdesign-demo-item--datepicker"
    >
      <div
        class="t-date-picker t-size-m"
      >
        <div
          class="t-popup__reference t-date-picker__popup-reference"
        >
          <div
            class="t-form-controls"
          >
            <div
              class="t-input t-input--suffix"
            >
              <input
                class="t-input__inner"
                placeholder="请选择日期"
                readonly=""
                value=""
              />
              <span
                class="t-input__suffix"
              >
                <svg
                  class="t-icon t-icon-calendar"
                  fill="none"
                  height="1em"
                  viewBox="0 0 16 16"
                  width="1em"
                >
                  <path
                    d="M10 3H6V1.5H5V3H3a1 1 0 00-1 1v9a1 1 0 001 1h10a1 1 0 001-1V4a1 1 0 00-1-1h-2V1.5h-1V3zM5 5h1V4h4v1h1V4h2v2H3V4h2v1zM3 7h10v6H3V7z"
                    fill="currentColor"
                    fill-opacity="0.9"
                  />
                </svg>
              </span>
            </div>
          </div>
        </div>
      </div>
    </div>
    <div
      class="tdesign-demo-item--datepicker"
    >
      <div
        class="t-date-picker t-size-m"
      >
        <div
          class="t-popup__reference t-date-picker__popup-reference"
        >
          <div
            class="t-form-controls"
          >
            <div
              class="t-input t-input--suffix"
            >
              <input
                class="t-input__inner"
                placeholder="请选择日期"
                readonly=""
                value=""
              />
              <span
                class="t-input__suffix"
              >
                <svg
                  class="t-icon t-icon-calendar"
                  fill="none"
                  height="1em"
                  viewBox="0 0 16 16"
                  width="1em"
                >
                  <path
                    d="M10 3H6V1.5H5V3H3a1 1 0 00-1 1v9a1 1 0 001 1h10a1 1 0 001-1V4a1 1 0 00-1-1h-2V1.5h-1V3zM5 5h1V4h4v1h1V4h2v2H3V4h2v1zM3 7h10v6H3V7z"
                    fill="currentColor"
                    fill-opacity="0.9"
                  />
                </svg>
              </span>
            </div>
          </div>
        </div>
      </div>
    </div>
    <div
      class="tdesign-demo-item--datepicker"
    >
      <div
        class="t-date-picker t-size-m"
      >
        <div
          class="t-popup__reference t-date-picker__popup-reference"
        >
          <div
            class="t-form-controls"
          >
            <div
              class="t-input t-input--suffix"
            >
              <input
                class="t-input__inner"
                placeholder="请选择日期"
                readonly=""
                value=""
              />
              <span
                class="t-input__suffix"
              >
                <svg
                  class="t-icon t-icon-calendar"
                  fill="none"
                  height="1em"
                  viewBox="0 0 16 16"
                  width="1em"
                >
                  <path
                    d="M10 3H6V1.5H5V3H3a1 1 0 00-1 1v9a1 1 0 001 1h10a1 1 0 001-1V4a1 1 0 00-1-1h-2V1.5h-1V3zM5 5h1V4h4v1h1V4h2v2H3V4h2v1zM3 7h10v6H3V7z"
                    fill="currentColor"
                    fill-opacity="0.9"
                  />
                </svg>
              </span>
            </div>
          </div>
        </div>
      </div>
    </div>
    <div
      class="tdesign-demo-item--datepicker"
    >
      <div
        class="t-date-picker t-size-m"
      >
        <div
          class="t-popup__reference t-date-picker__popup-reference"
        >
          <div
            class="t-form-controls"
          >
            <div
              class="t-input t-input--suffix"
            >
              <input
                class="t-input__inner"
                placeholder="请选择日期"
                readonly=""
                value=""
              />
              <span
                class="t-input__suffix"
              >
                <svg
                  class="t-icon t-icon-calendar"
                  fill="none"
                  height="1em"
                  viewBox="0 0 16 16"
                  width="1em"
                >
                  <path
                    d="M10 3H6V1.5H5V3H3a1 1 0 00-1 1v9a1 1 0 001 1h10a1 1 0 001-1V4a1 1 0 00-1-1h-2V1.5h-1V3zM5 5h1V4h4v1h1V4h2v2H3V4h2v1zM3 7h10v6H3V7z"
                    fill="currentColor"
                    fill-opacity="0.9"
                  />
                </svg>
              </span>
            </div>
          </div>
        </div>
      </div>
    </div>
  </div>
</DocumentFragment>
`;

exports[`month.jsx 1`] = `
<DocumentFragment>
  <div
    class="tdesign-demo-item--datepicker"
  >
    <div
      class="t-date-picker t-size-m t-date-picker--month-picker"
    >
      <div
        class="t-popup__reference t-date-picker__popup-reference"
      >
        <div
          class="t-form-controls"
        >
          <div
            class="t-input t-input--suffix"
          >
            <input
              class="t-input__inner"
              placeholder="请选择月份"
              readonly=""
              value=""
            />
            <span
              class="t-input__suffix"
            >
              <svg
                class="t-icon t-icon-calendar"
                fill="none"
                height="1em"
                viewBox="0 0 16 16"
                width="1em"
              >
                <path
                  d="M10 3H6V1.5H5V3H3a1 1 0 00-1 1v9a1 1 0 001 1h10a1 1 0 001-1V4a1 1 0 00-1-1h-2V1.5h-1V3zM5 5h1V4h4v1h1V4h2v2H3V4h2v1zM3 7h10v6H3V7z"
                  fill="currentColor"
                  fill-opacity="0.9"
                />
              </svg>
            </span>
          </div>
        </div>
      </div>
    </div>
  </div>
</DocumentFragment>
`;

exports[`year.jsx 1`] = `
<DocumentFragment>
  <div
    class="tdesign-demo-item--datepicker"
  >
    <div
      class="t-date-picker t-size-m t-date-picker--month-picker"
    >
      <div
        class="t-popup__reference t-date-picker__popup-reference"
      >
        <div
          class="t-form-controls"
        >
          <div
            class="t-input t-input--suffix"
          >
            <input
              class="t-input__inner"
              placeholder="请选择年份"
              readonly=""
              value="2025"
            />
            <span
              class="t-input__suffix"
            >
              <svg
                class="t-icon t-icon-calendar"
                fill="none"
                height="1em"
                viewBox="0 0 16 16"
                width="1em"
              >
                <path
                  d="M10 3H6V1.5H5V3H3a1 1 0 00-1 1v9a1 1 0 001 1h10a1 1 0 001-1V4a1 1 0 00-1-1h-2V1.5h-1V3zM5 5h1V4h4v1h1V4h2v2H3V4h2v1zM3 7h10v6H3V7z"
                  fill="currentColor"
                  fill-opacity="0.9"
                />
              </svg>
            </span>
          </div>
        </div>
      </div>
    </div>
  </div>
</DocumentFragment>
`;
