// Vitest Snapshot v1

exports[`BaseTable Component > props.showHeader: BaseTable contains element \`thead\` 1`] = `
<div>
  <div
    class="t-table"
    style="position: relative;"
  >
    <div
      class="t-table__content"
    >
      <table
        class="t-table--layout-fixed"
      >
        <colgroup>
          <col
            style="min-width: 80px;"
          />
          <col
            style="min-width: 80px;"
          />
          <col
            style="min-width: 80px;"
          />
        </colgroup>
        <thead
          class="t-table__header"
        >
          <tr>
            <th
              class="table-test-column-index t-table__th-index"
              data-colkey="index"
            >
              <div
                class="t-table__th-cell-inner"
              >
                Index
              </div>
            </th>
            <th
              class="t-table__th-applicant"
              data-colkey="applicant"
            >
              <div
                class="t-table__th-cell-inner"
              >
                Applicant
              </div>
            </th>
            <th
              class="t-table__th-createTime"
              data-colkey="createTime"
            >
              <div
                class="t-table__th-cell-inner"
              >
                Time
              </div>
            </th>
          </tr>
        </thead>
        <tbody
          class="t-table__body"
        >
          <tr
            class=""
          >
            <td
              class="table-test-column-index"
            >
              1
            </td>
            <td
              class=""
            >
              贾明
            </td>
            <td
              class=""
            />
          </tr>
          <tr
            class=""
          >
            <td
              class="table-test-column-index"
            >
              2
            </td>
            <td
              class=""
            >
              张三
            </td>
            <td
              class=""
            >
              2022-02-01
            </td>
          </tr>
          <tr
            class=""
          >
            <td
              class="table-test-column-index"
            >
              3
            </td>
            <td
              class=""
            >
              王芳
            </td>
            <td
              class=""
            >
              2022-03-01
            </td>
          </tr>
          <tr
            class=""
          >
            <td
              class="table-test-column-index"
            >
              4
            </td>
            <td
              class=""
            >
              贾明
            </td>
            <td
              class=""
            >
              2022-04-01
            </td>
          </tr>
          <tr
            class=""
          >
            <td
              class="table-test-column-index"
            >
              5
            </td>
            <td
              class=""
            >
              张三
            </td>
            <td
              class=""
            />
          </tr>
        </tbody>
        <tfoot
          class="t-table__footer"
        >
          <tr
            class=""
          >
            <td
              class=""
            >
              1
            </td>
            <td
              class=""
            >
              贾明
            </td>
            <td
              class=""
            />
          </tr>
          <tr
            class=""
          >
            <td
              class=""
            >
              2
            </td>
            <td
              class=""
            >
              张三
            </td>
            <td
              class=""
            >
              2022-02-01
            </td>
          </tr>
        </tfoot>
      </table>
    </div>
  </div>
</div>
`;

exports[`BaseTable Component > props.size is equal to large 1`] = `
<div>
  <div
    class="t-table t-size-l"
    style="position: relative;"
  >
    <div
      class="t-table__content"
    >
      <table
        class="t-table--layout-fixed"
      >
        <colgroup>
          <col
            style="min-width: 80px;"
          />
          <col
            style="min-width: 80px;"
          />
          <col
            style="min-width: 80px;"
          />
        </colgroup>
        <thead
          class="t-table__header"
        >
          <tr>
            <th
              class="table-test-column-index t-table__th-index"
              data-colkey="index"
            >
              <div
                class="t-table__th-cell-inner"
              >
                Index
              </div>
            </th>
            <th
              class="t-table__th-applicant"
              data-colkey="applicant"
            >
              <div
                class="t-table__th-cell-inner"
              >
                Applicant
              </div>
            </th>
            <th
              class="t-table__th-createTime"
              data-colkey="createTime"
            >
              <div
                class="t-table__th-cell-inner"
              >
                Time
              </div>
            </th>
          </tr>
        </thead>
        <tbody
          class="t-table__body"
        >
          <tr
            class=""
          >
            <td
              class="table-test-column-index"
            >
              1
            </td>
            <td
              class=""
            >
              贾明
            </td>
            <td
              class=""
            />
          </tr>
          <tr
            class=""
          >
            <td
              class="table-test-column-index"
            >
              2
            </td>
            <td
              class=""
            >
              张三
            </td>
            <td
              class=""
            >
              2022-02-01
            </td>
          </tr>
          <tr
            class=""
          >
            <td
              class="table-test-column-index"
            >
              3
            </td>
            <td
              class=""
            >
              王芳
            </td>
            <td
              class=""
            >
              2022-03-01
            </td>
          </tr>
          <tr
            class=""
          >
            <td
              class="table-test-column-index"
            >
              4
            </td>
            <td
              class=""
            >
              贾明
            </td>
            <td
              class=""
            >
              2022-04-01
            </td>
          </tr>
          <tr
            class=""
          >
            <td
              class="table-test-column-index"
            >
              5
            </td>
            <td
              class=""
            >
              张三
            </td>
            <td
              class=""
            />
          </tr>
        </tbody>
        <tfoot
          class="t-table__footer"
        >
          <tr
            class=""
          >
            <td
              class=""
            >
              1
            </td>
            <td
              class=""
            >
              贾明
            </td>
            <td
              class=""
            />
          </tr>
          <tr
            class=""
          >
            <td
              class=""
            >
              2
            </td>
            <td
              class=""
            >
              张三
            </td>
            <td
              class=""
            >
              2022-02-01
            </td>
          </tr>
        </tfoot>
      </table>
    </div>
  </div>
</div>
`;

exports[`BaseTable Component > props.size is equal to medium 1`] = `
<div>
  <div
    class="t-table"
    style="position: relative;"
  >
    <div
      class="t-table__content"
    >
      <table
        class="t-table--layout-fixed"
      >
        <colgroup>
          <col
            style="min-width: 80px;"
          />
          <col
            style="min-width: 80px;"
          />
          <col
            style="min-width: 80px;"
          />
        </colgroup>
        <thead
          class="t-table__header"
        >
          <tr>
            <th
              class="table-test-column-index t-table__th-index"
              data-colkey="index"
            >
              <div
                class="t-table__th-cell-inner"
              >
                Index
              </div>
            </th>
            <th
              class="t-table__th-applicant"
              data-colkey="applicant"
            >
              <div
                class="t-table__th-cell-inner"
              >
                Applicant
              </div>
            </th>
            <th
              class="t-table__th-createTime"
              data-colkey="createTime"
            >
              <div
                class="t-table__th-cell-inner"
              >
                Time
              </div>
            </th>
          </tr>
        </thead>
        <tbody
          class="t-table__body"
        >
          <tr
            class=""
          >
            <td
              class="table-test-column-index"
            >
              1
            </td>
            <td
              class=""
            >
              贾明
            </td>
            <td
              class=""
            />
          </tr>
          <tr
            class=""
          >
            <td
              class="table-test-column-index"
            >
              2
            </td>
            <td
              class=""
            >
              张三
            </td>
            <td
              class=""
            >
              2022-02-01
            </td>
          </tr>
          <tr
            class=""
          >
            <td
              class="table-test-column-index"
            >
              3
            </td>
            <td
              class=""
            >
              王芳
            </td>
            <td
              class=""
            >
              2022-03-01
            </td>
          </tr>
          <tr
            class=""
          >
            <td
              class="table-test-column-index"
            >
              4
            </td>
            <td
              class=""
            >
              贾明
            </td>
            <td
              class=""
            >
              2022-04-01
            </td>
          </tr>
          <tr
            class=""
          >
            <td
              class="table-test-column-index"
            >
              5
            </td>
            <td
              class=""
            >
              张三
            </td>
            <td
              class=""
            />
          </tr>
        </tbody>
        <tfoot
          class="t-table__footer"
        >
          <tr
            class=""
          >
            <td
              class=""
            >
              1
            </td>
            <td
              class=""
            >
              贾明
            </td>
            <td
              class=""
            />
          </tr>
          <tr
            class=""
          >
            <td
              class=""
            >
              2
            </td>
            <td
              class=""
            >
              张三
            </td>
            <td
              class=""
            >
              2022-02-01
            </td>
          </tr>
        </tfoot>
      </table>
    </div>
  </div>
</div>
`;

exports[`BaseTable Component > props.size is equal to small 1`] = `
<div>
  <div
    class="t-table t-size-s"
    style="position: relative;"
  >
    <div
      class="t-table__content"
    >
      <table
        class="t-table--layout-fixed"
      >
        <colgroup>
          <col
            style="min-width: 80px;"
          />
          <col
            style="min-width: 80px;"
          />
          <col
            style="min-width: 80px;"
          />
        </colgroup>
        <thead
          class="t-table__header"
        >
          <tr>
            <th
              class="table-test-column-index t-table__th-index"
              data-colkey="index"
            >
              <div
                class="t-table__th-cell-inner"
              >
                Index
              </div>
            </th>
            <th
              class="t-table__th-applicant"
              data-colkey="applicant"
            >
              <div
                class="t-table__th-cell-inner"
              >
                Applicant
              </div>
            </th>
            <th
              class="t-table__th-createTime"
              data-colkey="createTime"
            >
              <div
                class="t-table__th-cell-inner"
              >
                Time
              </div>
            </th>
          </tr>
        </thead>
        <tbody
          class="t-table__body"
        >
          <tr
            class=""
          >
            <td
              class="table-test-column-index"
            >
              1
            </td>
            <td
              class=""
            >
              贾明
            </td>
            <td
              class=""
            />
          </tr>
          <tr
            class=""
          >
            <td
              class="table-test-column-index"
            >
              2
            </td>
            <td
              class=""
            >
              张三
            </td>
            <td
              class=""
            >
              2022-02-01
            </td>
          </tr>
          <tr
            class=""
          >
            <td
              class="table-test-column-index"
            >
              3
            </td>
            <td
              class=""
            >
              王芳
            </td>
            <td
              class=""
            >
              2022-03-01
            </td>
          </tr>
          <tr
            class=""
          >
            <td
              class="table-test-column-index"
            >
              4
            </td>
            <td
              class=""
            >
              贾明
            </td>
            <td
              class=""
            >
              2022-04-01
            </td>
          </tr>
          <tr
            class=""
          >
            <td
              class="table-test-column-index"
            >
              5
            </td>
            <td
              class=""
            >
              张三
            </td>
            <td
              class=""
            />
          </tr>
        </tbody>
        <tfoot
          class="t-table__footer"
        >
          <tr
            class=""
          >
            <td
              class=""
            >
              1
            </td>
            <td
              class=""
            >
              贾明
            </td>
            <td
              class=""
            />
          </tr>
          <tr
            class=""
          >
            <td
              class=""
            >
              2
            </td>
            <td
              class=""
            >
              张三
            </td>
            <td
              class=""
            >
              2022-02-01
            </td>
          </tr>
        </tfoot>
      </table>
    </div>
  </div>
</div>
`;

exports[`BaseTable Component > props.tableLayout is equal to auto 1`] = `
<div>
  <div
    class="t-table"
    style="position: relative;"
  >
    <div
      class="t-table__content"
    >
      <table
        class="t-table--layout-auto"
      >
        <colgroup>
          <col />
          <col />
          <col />
        </colgroup>
        <thead
          class="t-table__header"
        >
          <tr>
            <th
              class="table-test-column-index t-table__th-index"
              data-colkey="index"
            >
              <div
                class="t-table__th-cell-inner"
              >
                Index
              </div>
            </th>
            <th
              class="t-table__th-applicant"
              data-colkey="applicant"
            >
              <div
                class="t-table__th-cell-inner"
              >
                Applicant
              </div>
            </th>
            <th
              class="t-table__th-createTime"
              data-colkey="createTime"
            >
              <div
                class="t-table__th-cell-inner"
              >
                Time
              </div>
            </th>
          </tr>
        </thead>
        <tbody
          class="t-table__body"
        >
          <tr
            class=""
          >
            <td
              class="table-test-column-index"
            >
              1
            </td>
            <td
              class=""
            >
              贾明
            </td>
            <td
              class=""
            />
          </tr>
          <tr
            class=""
          >
            <td
              class="table-test-column-index"
            >
              2
            </td>
            <td
              class=""
            >
              张三
            </td>
            <td
              class=""
            >
              2022-02-01
            </td>
          </tr>
          <tr
            class=""
          >
            <td
              class="table-test-column-index"
            >
              3
            </td>
            <td
              class=""
            >
              王芳
            </td>
            <td
              class=""
            >
              2022-03-01
            </td>
          </tr>
          <tr
            class=""
          >
            <td
              class="table-test-column-index"
            >
              4
            </td>
            <td
              class=""
            >
              贾明
            </td>
            <td
              class=""
            >
              2022-04-01
            </td>
          </tr>
          <tr
            class=""
          >
            <td
              class="table-test-column-index"
            >
              5
            </td>
            <td
              class=""
            >
              张三
            </td>
            <td
              class=""
            />
          </tr>
        </tbody>
        <tfoot
          class="t-table__footer"
        >
          <tr
            class=""
          >
            <td
              class=""
            >
              1
            </td>
            <td
              class=""
            >
              贾明
            </td>
            <td
              class=""
            />
          </tr>
          <tr
            class=""
          >
            <td
              class=""
            >
              2
            </td>
            <td
              class=""
            >
              张三
            </td>
            <td
              class=""
            >
              2022-02-01
            </td>
          </tr>
        </tfoot>
      </table>
    </div>
  </div>
</div>
`;

exports[`BaseTable Component > props.tableLayout is equal to fixed 1`] = `
<div>
  <div
    class="t-table"
    style="position: relative;"
  >
    <div
      class="t-table__content"
    >
      <table
        class="t-table--layout-fixed"
      >
        <colgroup>
          <col
            style="min-width: 80px;"
          />
          <col
            style="min-width: 80px;"
          />
          <col
            style="min-width: 80px;"
          />
        </colgroup>
        <thead
          class="t-table__header"
        >
          <tr>
            <th
              class="table-test-column-index t-table__th-index"
              data-colkey="index"
            >
              <div
                class="t-table__th-cell-inner"
              >
                Index
              </div>
            </th>
            <th
              class="t-table__th-applicant"
              data-colkey="applicant"
            >
              <div
                class="t-table__th-cell-inner"
              >
                Applicant
              </div>
            </th>
            <th
              class="t-table__th-createTime"
              data-colkey="createTime"
            >
              <div
                class="t-table__th-cell-inner"
              >
                Time
              </div>
            </th>
          </tr>
        </thead>
        <tbody
          class="t-table__body"
        >
          <tr
            class=""
          >
            <td
              class="table-test-column-index"
            >
              1
            </td>
            <td
              class=""
            >
              贾明
            </td>
            <td
              class=""
            />
          </tr>
          <tr
            class=""
          >
            <td
              class="table-test-column-index"
            >
              2
            </td>
            <td
              class=""
            >
              张三
            </td>
            <td
              class=""
            >
              2022-02-01
            </td>
          </tr>
          <tr
            class=""
          >
            <td
              class="table-test-column-index"
            >
              3
            </td>
            <td
              class=""
            >
              王芳
            </td>
            <td
              class=""
            >
              2022-03-01
            </td>
          </tr>
          <tr
            class=""
          >
            <td
              class="table-test-column-index"
            >
              4
            </td>
            <td
              class=""
            >
              贾明
            </td>
            <td
              class=""
            >
              2022-04-01
            </td>
          </tr>
          <tr
            class=""
          >
            <td
              class="table-test-column-index"
            >
              5
            </td>
            <td
              class=""
            >
              张三
            </td>
            <td
              class=""
            />
          </tr>
        </tbody>
        <tfoot
          class="t-table__footer"
        >
          <tr
            class=""
          >
            <td
              class=""
            >
              1
            </td>
            <td
              class=""
            >
              贾明
            </td>
            <td
              class=""
            />
          </tr>
          <tr
            class=""
          >
            <td
              class=""
            >
              2
            </td>
            <td
              class=""
            >
              张三
            </td>
            <td
              class=""
            >
              2022-02-01
            </td>
          </tr>
        </tfoot>
      </table>
    </div>
  </div>
</div>
`;
