// Vitest Snapshot v1

exports[`BaseTable Pagination > locale data pagination controlled > both pagination.pageSize and pagination.current changed 1`] = `
NodeList [
  <tr
    class=""
  >
    <td
      class="table-test-column-index"
    >
      6
    </td>
    <td
      class=""
    >
      王芳
    </td>
    <td
      class=""
    >
      2022-02-01
    </td>
  </tr>,
  <tr
    class=""
  >
    <td
      class="table-test-column-index"
    >
      7
    </td>
    <td
      class=""
    >
      贾明
    </td>
    <td
      class=""
    >
      2022-03-01
    </td>
  </tr>,
  <tr
    class=""
  >
    <td
      class="table-test-column-index"
    >
      8
    </td>
    <td
      class=""
    >
      张三
    </td>
    <td
      class=""
    >
      2022-04-01
    </td>
  </tr>,
  <tr
    class=""
  >
    <td
      class="table-test-column-index"
    >
      9
    </td>
    <td
      class=""
    >
      王芳
    </td>
    <td
      class=""
    />
  </tr>,
  <tr
    class=""
  >
    <td
      class="table-test-column-index"
    >
      10
    </td>
    <td
      class=""
    >
      贾明
    </td>
    <td
      class=""
    >
      2022-02-01
    </td>
  </tr>,
]
`;

exports[`BaseTable Pagination > locale data pagination controlled > pagination.current changed 1`] = `
NodeList [
  <tr
    class=""
  >
    <td
      class="table-test-column-index"
    >
      6
    </td>
    <td
      class=""
    >
      王芳
    </td>
    <td
      class=""
    >
      2022-02-01
    </td>
  </tr>,
  <tr
    class=""
  >
    <td
      class="table-test-column-index"
    >
      7
    </td>
    <td
      class=""
    >
      贾明
    </td>
    <td
      class=""
    >
      2022-03-01
    </td>
  </tr>,
  <tr
    class=""
  >
    <td
      class="table-test-column-index"
    >
      8
    </td>
    <td
      class=""
    >
      张三
    </td>
    <td
      class=""
    >
      2022-04-01
    </td>
  </tr>,
  <tr
    class=""
  >
    <td
      class="table-test-column-index"
    >
      9
    </td>
    <td
      class=""
    >
      王芳
    </td>
    <td
      class=""
    />
  </tr>,
  <tr
    class=""
  >
    <td
      class="table-test-column-index"
    >
      10
    </td>
    <td
      class=""
    >
      贾明
    </td>
    <td
      class=""
    >
      2022-02-01
    </td>
  </tr>,
]
`;

exports[`BaseTable Pagination > locale data pagination controlled > pagination.current changed 2`] = `
<div
  class="t-table pagination-current-changed"
  style="position: relative;"
>
  <div
    class="t-table__content"
  >
    <table
      class="t-table--layout-fixed"
    >
      <colgroup>
        <col
          style="min-width: 80px;"
        />
        <col
          style="min-width: 80px;"
        />
        <col
          style="min-width: 80px;"
        />
      </colgroup>
      <thead
        class="t-table__header"
      >
        <tr>
          <th
            class="table-test-column-index t-table__th-index"
            data-colkey="index"
          >
            <div
              class="t-table__th-cell-inner"
            >
              Index
            </div>
          </th>
          <th
            class="t-table__th-applicant"
            data-colkey="applicant"
          >
            <div
              class="t-table__th-cell-inner"
            >
              Applicant
            </div>
          </th>
          <th
            class="t-table__th-createTime"
            data-colkey="createTime"
          >
            <div
              class="t-table__th-cell-inner"
            >
              Time
            </div>
          </th>
        </tr>
      </thead>
      <tbody
        class="t-table__body"
      >
        <tr
          class=""
        >
          <td
            class="table-test-column-index"
          >
            31
          </td>
          <td
            class=""
          >
            贾明
          </td>
          <td
            class=""
          >
            2022-03-01
          </td>
        </tr>
        <tr
          class=""
        >
          <td
            class="table-test-column-index"
          >
            32
          </td>
          <td
            class=""
          >
            张三
          </td>
          <td
            class=""
          >
            2022-04-01
          </td>
        </tr>
        <tr
          class=""
        >
          <td
            class="table-test-column-index"
          >
            33
          </td>
          <td
            class=""
          >
            王芳
          </td>
          <td
            class=""
          />
        </tr>
        <tr
          class=""
        >
          <td
            class="table-test-column-index"
          >
            34
          </td>
          <td
            class=""
          >
            贾明
          </td>
          <td
            class=""
          >
            2022-02-01
          </td>
        </tr>
        <tr
          class=""
        >
          <td
            class="table-test-column-index"
          >
            35
          </td>
          <td
            class=""
          >
            张三
          </td>
          <td
            class=""
          >
            2022-03-01
          </td>
        </tr>
      </tbody>
    </table>
  </div>
  <div
    class="t-table__pagination-wrap"
    style="opacity: 1;"
  >
    <div
      class="t-table__pagination"
    >
      <div
        class="t-pagination"
      >
        <div
          class="t-pagination__total"
        >
          共 102 项数据
        </div>
        <div
          class="t-pagination__select"
        >
          <div
            class="t-select__wrap"
          >
            <div
              class="t-select t-select-input"
            >
              <div
                class="t-input__wrap t-input--auto-width"
                value="5 条/页"
              >
                <div
                  class="t-input t-is-readonly t-align-left t-input--prefix t-input--suffix"
                >
                  <div
                    class="t-input__prefix"
                  />
                  <input
                    class="t-input__inner"
                    placeholder="请选择"
                    readonly=""
                    type="text"
                    value="5 条/页"
                  />
                  <span
                    class="t-input__input-pre"
                  >
                    5 条/页
                  </span>
                  <span
                    class="t-input__suffix t-input__suffix-icon"
                  >
                    <svg
                      class="t-fake-arrow t-select__right-icon"
                      fill="none"
                      height="16"
                      viewBox="0 0 16 16"
                      width="16"
                      xmlns="http://www.w3.org/2000/svg"
                    >
                      <path
                        d="M3.75 5.7998L7.99274 10.0425L12.2361 5.79921"
                        stroke="black"
                        stroke-opacity="0.9"
                        stroke-width="1.3"
                      />
                    </svg>
                  </span>
                </div>
              </div>
            </div>
          </div>
        </div>
        <div
          class="t-pagination__btn t-pagination__btn-prev"
        >
          <svg
            class="t-icon t-icon-chevron-left"
            fill="none"
            height="1em"
            viewBox="0 0 24 24"
            width="1em"
          >
            <path
              d="M15.91 17.5l-5.5-5.5 5.5-5.5-1.41-1.41L7.59 12l6.91 6.91 1.41-1.41z"
              fill="currentColor"
            />
          </svg>
        </div>
        <ul
          class="t-pagination__pager"
        >
          <li
            class="t-pagination__number"
          >
            1
          </li>
          <li
            class="t-pagination__number t-pagination__number--more"
          >
            <svg
              class="t-icon t-icon-ellipsis"
              fill="none"
              height="1em"
              viewBox="0 0 24 24"
              width="1em"
            >
              <path
                d="M3 10.5h3v3H3v-3zm7.5 0h3v3h-3v-3zm7.5 0h3v3h-3v-3z"
                fill="currentColor"
              />
            </svg>
          </li>
          <li
            class="t-pagination__number"
          >
            5
          </li>
          <li
            class="t-pagination__number"
          >
            6
          </li>
          <li
            class="t-pagination__number t-is-current"
          >
            7
          </li>
          <li
            class="t-pagination__number"
          >
            8
          </li>
          <li
            class="t-pagination__number"
          >
            9
          </li>
          <li
            class="t-pagination__number t-pagination__number--more"
          >
            <svg
              class="t-icon t-icon-ellipsis"
              fill="none"
              height="1em"
              viewBox="0 0 24 24"
              width="1em"
            >
              <path
                d="M3 10.5h3v3H3v-3zm7.5 0h3v3h-3v-3zm7.5 0h3v3h-3v-3z"
                fill="currentColor"
              />
            </svg>
          </li>
          <li
            class="t-pagination__number"
          >
            21
          </li>
        </ul>
        <div
          class="t-pagination__btn t-pagination__btn-next"
        >
          <svg
            class="t-icon t-icon-chevron-right"
            fill="none"
            height="1em"
            viewBox="0 0 24 24"
            width="1em"
          >
            <path
              d="M8.09 17.5l5.5-5.5-5.5-5.5L9.5 5.09 16.41 12 9.5 18.91 8.09 17.5z"
              fill="currentColor"
            />
          </svg>
        </div>
      </div>
    </div>
  </div>
</div>
`;

exports[`BaseTable Pagination > locale data pagination controlled > pagination.pageSize changed 1`] = `
NodeList [
  <tr
    class=""
  >
    <td
      class="table-test-column-index"
    >
      6
    </td>
    <td
      class=""
    >
      王芳
    </td>
    <td
      class=""
    >
      2022-02-01
    </td>
  </tr>,
  <tr
    class=""
  >
    <td
      class="table-test-column-index"
    >
      7
    </td>
    <td
      class=""
    >
      贾明
    </td>
    <td
      class=""
    >
      2022-03-01
    </td>
  </tr>,
  <tr
    class=""
  >
    <td
      class="table-test-column-index"
    >
      8
    </td>
    <td
      class=""
    >
      张三
    </td>
    <td
      class=""
    >
      2022-04-01
    </td>
  </tr>,
  <tr
    class=""
  >
    <td
      class="table-test-column-index"
    >
      9
    </td>
    <td
      class=""
    >
      王芳
    </td>
    <td
      class=""
    />
  </tr>,
  <tr
    class=""
  >
    <td
      class="table-test-column-index"
    >
      10
    </td>
    <td
      class=""
    >
      贾明
    </td>
    <td
      class=""
    >
      2022-02-01
    </td>
  </tr>,
]
`;
