// Vitest Snapshot v1

exports[`ssr snapshot test > ssr test src/icon/_example/Enhanced.jsx 1`] = `"<div><svg class=\\"t-icon cps-icon-home-sheep\\" style=\\"margin-right:8px\\"><use xlink:href=\\"#cps-icon-home-sheep\\"></use></svg><svg class=\\"t-icon cps-icon-home-sheep t-size-m\\" style=\\"margin-right:8px\\"><use xlink:href=\\"#cps-icon-home-sheep\\"></use></svg><svg class=\\"t-icon cps-icon-home-sheep t-size-l\\" style=\\"margin-right:8px\\"><use xlink:href=\\"#cps-icon-home-sheep\\"></use></svg><svg class=\\"t-icon cps-icon-home-sheep\\" style=\\"font-size:25px\\"><use xlink:href=\\"#cps-icon-home-sheep\\"></use></svg><br/><br/><svg class=\\"t-icon cps-icon-home-sheep\\" style=\\"color:red;margin-right:8px\\"><use xlink:href=\\"#cps-icon-home-sheep\\"></use></svg><svg class=\\"t-icon cps-icon-home-sheep\\" style=\\"color:green;margin-right:8px\\"><use xlink:href=\\"#cps-icon-home-sheep\\"></use></svg><svg class=\\"t-icon cps-icon-home-sheep\\" style=\\"color:orange;margin-right:8px\\"><use xlink:href=\\"#cps-icon-home-sheep\\"></use></svg><svg class=\\"t-icon t-icon-home\\"><use xlink:href=\\"#t-icon-home\\"></use></svg></div>"`;

exports[`ssr snapshot test > ssr test src/icon/_example/IconFontEnhanced.jsx 1`] = `"<div><i style=\\"margin-right:8px\\" class=\\"cps-icon cps-icon-home-sheep\\"></i><i style=\\"margin-right:8px\\" class=\\"cps-icon cps-icon-home-sheep t-size-m\\"></i><i style=\\"margin-right:8px\\" class=\\"cps-icon cps-icon-home-sheep t-size-l\\"></i><i style=\\"font-size:25px\\" class=\\"cps-icon cps-icon-home-sheep\\"></i><br/><br/><i style=\\"color:red;margin-right:8px\\" class=\\"cps-icon cps-icon-home-sheep\\"></i><i style=\\"color:green;margin-right:8px\\" class=\\"cps-icon cps-icon-home-sheep\\"></i><i style=\\"color:orange;margin-right:8px\\" class=\\"cps-icon cps-icon-home-sheep\\"></i><i class=\\"t-icon-home t-icon\\"></i></div>"`;
