// Jest Snapshot v1, https://goo.gl/fbAQLP

exports[`Alert 组件测试 Alert 主题图标显示 1`] = `
<DocumentFragment>
  <div
    class="t-alert t-alert--error"
  >
    <div
      class="t-alert__icon"
    >
      <svg
        class="t-icon t-icon-error-circle-filled"
        fill="none"
        height="1em"
        viewBox="0 0 16 16"
        width="1em"
      >
        <path
          d="M15 8A7 7 0 101 8a7 7 0 0014 0zM8.5 4v5.5h-1V4h1zm-1.1 7h1.2v1.2H7.4V11z"
          fill="currentColor"
          fill-opacity="0.9"
        />
      </svg>
    </div>
    <div
      class="t-alert__content"
    >
      <div
        class="t-alert__message"
      >
        <div
          class="t-alert__description"
        >
          Alert内容
        </div>
      </div>
    </div>
  </div>
</DocumentFragment>
`;

exports[`Alert 组件测试 Alert 主题图标显示 2`] = `
<DocumentFragment>
  <div
    class="t-alert t-alert--warning"
  >
    <div
      class="t-alert__icon"
    >
      <svg
        class="t-icon t-icon-error-circle-filled"
        fill="none"
        height="1em"
        viewBox="0 0 16 16"
        width="1em"
      >
        <path
          d="M15 8A7 7 0 101 8a7 7 0 0014 0zM8.5 4v5.5h-1V4h1zm-1.1 7h1.2v1.2H7.4V11z"
          fill="currentColor"
          fill-opacity="0.9"
        />
      </svg>
    </div>
    <div
      class="t-alert__content"
    >
      <div
        class="t-alert__message"
      >
        <div
          class="t-alert__description"
        >
          Alert内容
        </div>
      </div>
    </div>
  </div>
</DocumentFragment>
`;

exports[`Alert 组件测试 Alert 主题图标显示 3`] = `
<DocumentFragment>
  <div
    class="t-alert t-alert--info"
  >
    <div
      class="t-alert__icon"
    >
      <svg
        class="t-icon t-icon-info-circle-filled"
        fill="none"
        height="1em"
        viewBox="0 0 16 16"
        width="1em"
      >
        <path
          d="M8 15A7 7 0 108 1a7 7 0 000 14zM7.4 4h1.2v1.2H7.4V4zm.1 2.5h1V12h-1V6.5z"
          fill="currentColor"
          fill-opacity="0.9"
        />
      </svg>
    </div>
    <div
      class="t-alert__content"
    >
      <div
        class="t-alert__message"
      >
        <div
          class="t-alert__description"
        >
          Alert内容
        </div>
      </div>
    </div>
  </div>
</DocumentFragment>
`;

exports[`Alert 组件测试 Alert 主题图标显示 4`] = `
<DocumentFragment>
  <div
    class="t-alert t-alert--success"
  >
    <div
      class="t-alert__icon"
    >
      <svg
        class="t-icon t-icon-check-circle-filled"
        fill="none"
        height="1em"
        viewBox="0 0 16 16"
        width="1em"
      >
        <path
          d="M8 15A7 7 0 108 1a7 7 0 000 14zM4.5 8.2l.7-.7L7 9.3l3.8-3.8.7.7L7 10.7 4.5 8.2z"
          fill="currentColor"
          fill-opacity="0.9"
        />
      </svg>
    </div>
    <div
      class="t-alert__content"
    >
      <div
        class="t-alert__message"
      >
        <div
          class="t-alert__description"
        >
          Alert内容
        </div>
      </div>
    </div>
  </div>
</DocumentFragment>
`;

exports[`Alert 组件测试 Alert 主题图标显示 5`] = `
<DocumentFragment>
  <div
    class="t-alert t-alert--error"
  >
    <div
      class="t-alert__icon"
    >
      <svg
        class="t-icon t-icon-error-circle-filled"
        fill="none"
        height="1em"
        viewBox="0 0 16 16"
        width="1em"
      >
        <path
          d="M15 8A7 7 0 101 8a7 7 0 0014 0zM8.5 4v5.5h-1V4h1zm-1.1 7h1.2v1.2H7.4V11z"
          fill="currentColor"
          fill-opacity="0.9"
        />
      </svg>
    </div>
    <div
      class="t-alert__content"
    >
      <div
        class="t-alert__message"
      >
        <div
          class="t-alert__description"
        >
          Alert内容
        </div>
      </div>
    </div>
  </div>
</DocumentFragment>
`;

exports[`Alert 组件测试 Alert 主题图标显示 6`] = `
<DocumentFragment>
  <div
    class="t-alert t-alert--error"
  >
    <div
      class="t-alert__icon"
    >
      <span
        class=""
      >
        CustomIcon
      </span>
    </div>
    <div
      class="t-alert__content"
    >
      <div
        class="t-alert__message"
      >
        <div
          class="t-alert__description"
        >
          Alert内容
        </div>
      </div>
    </div>
  </div>
</DocumentFragment>
`;

exports[`base.jsx 1`] = `
<DocumentFragment>
  <div
    class="tdesign-demo-block-column"
  >
    <div
      class="t-alert t-alert--success"
    >
      <div
        class="t-alert__icon"
      >
        <svg
          class="t-icon t-icon-check-circle-filled"
          fill="none"
          height="1em"
          viewBox="0 0 16 16"
          width="1em"
        >
          <path
            d="M8 15A7 7 0 108 1a7 7 0 000 14zM4.5 8.2l.7-.7L7 9.3l3.8-3.8.7.7L7 10.7 4.5 8.2z"
            fill="currentColor"
            fill-opacity="0.9"
          />
        </svg>
      </div>
      <div
        class="t-alert__content"
      >
        <div
          class="t-alert__message"
        >
          <div
            class="t-alert__description"
          >
            这是一条成功的消息提示
          </div>
        </div>
      </div>
    </div>
    <div
      class="t-alert t-alert--info"
    >
      <div
        class="t-alert__icon"
      >
        <svg
          class="t-icon t-icon-info-circle-filled"
          fill="none"
          height="1em"
          viewBox="0 0 16 16"
          width="1em"
        >
          <path
            d="M8 15A7 7 0 108 1a7 7 0 000 14zM7.4 4h1.2v1.2H7.4V4zm.1 2.5h1V12h-1V6.5z"
            fill="currentColor"
            fill-opacity="0.9"
          />
        </svg>
      </div>
      <div
        class="t-alert__content"
      >
        <div
          class="t-alert__message"
        >
          <div
            class="t-alert__description"
          >
            这是一条普通的消息提示
          </div>
        </div>
      </div>
    </div>
    <div
      class="t-alert t-alert--warning"
    >
      <div
        class="t-alert__icon"
      >
        <svg
          class="t-icon t-icon-error-circle-filled"
          fill="none"
          height="1em"
          viewBox="0 0 16 16"
          width="1em"
        >
          <path
            d="M15 8A7 7 0 101 8a7 7 0 0014 0zM8.5 4v5.5h-1V4h1zm-1.1 7h1.2v1.2H7.4V11z"
            fill="currentColor"
            fill-opacity="0.9"
          />
        </svg>
      </div>
      <div
        class="t-alert__content"
      >
        <div
          class="t-alert__message"
        >
          <div
            class="t-alert__description"
          >
            这是一条警示消息
          </div>
        </div>
      </div>
    </div>
    <div
      class="t-alert t-alert--error"
    >
      <div
        class="t-alert__icon"
      >
        <svg
          class="t-icon t-icon-error-circle-filled"
          fill="none"
          height="1em"
          viewBox="0 0 16 16"
          width="1em"
        >
          <path
            d="M15 8A7 7 0 101 8a7 7 0 0014 0zM8.5 4v5.5h-1V4h1zm-1.1 7h1.2v1.2H7.4V11z"
            fill="currentColor"
            fill-opacity="0.9"
          />
        </svg>
      </div>
      <div
        class="t-alert__content"
      >
        <div
          class="t-alert__message"
        >
          <div
            class="t-alert__description"
          >
            高危操作/出错信息提示
          </div>
        </div>
      </div>
    </div>
  </div>
</DocumentFragment>
`;

exports[`close.jsx 1`] = `
<DocumentFragment>
  <div
    class="tdesign-demo-block-column"
  >
    <div
      class="t-alert t-alert--success"
    >
      <div
        class="t-alert__icon"
      >
        <svg
          class="t-icon t-icon-check-circle-filled"
          fill="none"
          height="1em"
          viewBox="0 0 16 16"
          width="1em"
        >
          <path
            d="M8 15A7 7 0 108 1a7 7 0 000 14zM4.5 8.2l.7-.7L7 9.3l3.8-3.8.7.7L7 10.7 4.5 8.2z"
            fill="currentColor"
            fill-opacity="0.9"
          />
        </svg>
      </div>
      <div
        class="t-alert__content"
      >
        <div
          class="t-alert__message"
        >
          <div
            class="t-alert__description"
          >
            这是一条成功的消息提示
          </div>
        </div>
      </div>
      <div
        class="t-alert__close"
      >
        <svg
          class="t-icon t-icon-close"
          fill="none"
          height="1em"
          viewBox="0 0 16 16"
          width="1em"
        >
          <path
            d="M8 8.92L11.08 12l.92-.92L8.92 8 12 4.92 11.08 4 8 7.08 4.92 4 4 4.92 7.08 8 4 11.08l.92.92L8 8.92z"
            fill="currentColor"
            fill-opacity="0.9"
          />
        </svg>
      </div>
    </div>
    <div
      class="t-alert t-alert--info"
    >
      <div
        class="t-alert__icon"
      >
        <svg
          class="t-icon t-icon-info-circle-filled"
          fill="none"
          height="1em"
          viewBox="0 0 16 16"
          width="1em"
        >
          <path
            d="M8 15A7 7 0 108 1a7 7 0 000 14zM7.4 4h1.2v1.2H7.4V4zm.1 2.5h1V12h-1V6.5z"
            fill="currentColor"
            fill-opacity="0.9"
          />
        </svg>
      </div>
      <div
        class="t-alert__content"
      >
        <div
          class="t-alert__message"
        >
          <div
            class="t-alert__description"
          >
            这是一条普通的消息提示
          </div>
        </div>
      </div>
      <div
        class="t-alert__close"
      >
        关闭
      </div>
    </div>
    <div
      class="t-alert t-alert--warning"
    >
      <div
        class="t-alert__icon"
      >
        <svg
          class="t-icon t-icon-error-circle-filled"
          fill="none"
          height="1em"
          viewBox="0 0 16 16"
          width="1em"
        >
          <path
            d="M15 8A7 7 0 101 8a7 7 0 0014 0zM8.5 4v5.5h-1V4h1zm-1.1 7h1.2v1.2H7.4V11z"
            fill="currentColor"
            fill-opacity="0.9"
          />
        </svg>
      </div>
      <div
        class="t-alert__content"
      >
        <div
          class="t-alert__message"
        >
          <div
            class="t-alert__description"
          >
            这是一条警示消息
          </div>
        </div>
      </div>
      <div
        class="t-alert__close"
      >
        知道了
      </div>
    </div>
    <div
      class="t-alert t-alert--error"
    >
      <div
        class="t-alert__icon"
      >
        <svg
          class="t-icon t-icon-error-circle-filled"
          fill="none"
          height="1em"
          viewBox="0 0 16 16"
          width="1em"
        >
          <path
            d="M15 8A7 7 0 101 8a7 7 0 0014 0zM8.5 4v5.5h-1V4h1zm-1.1 7h1.2v1.2H7.4V11z"
            fill="currentColor"
            fill-opacity="0.9"
          />
        </svg>
      </div>
      <div
        class="t-alert__content"
      >
        <div
          class="t-alert__message"
        >
          <div
            class="t-alert__description"
          >
            高危操作/出错信息提示
          </div>
        </div>
      </div>
      <div
        class="t-alert__close"
      >
        <span>
          自定义关闭
        </span>
      </div>
    </div>
  </div>
</DocumentFragment>
`;

exports[`collapse.jsx 1`] = `
<DocumentFragment>
  <div
    class="t-alert t-alert--info"
  >
    <div
      class="t-alert__icon"
    >
      <svg
        class="t-icon t-icon-info-circle-filled"
        fill="none"
        height="1em"
        viewBox="0 0 16 16"
        width="1em"
      >
        <path
          d="M8 15A7 7 0 108 1a7 7 0 000 14zM7.4 4h1.2v1.2H7.4V4zm.1 2.5h1V12h-1V6.5z"
          fill="currentColor"
          fill-opacity="0.9"
        />
      </svg>
    </div>
    <div
      class="t-alert__content"
    >
      <div
        class="t-alert__message"
      >
        <div
          class="t-alert__description"
        >
          <div>
            1.这是一条普通的消息提示描述，
          </div>
          <div>
            2.这是一条普通的消息提示描述，
          </div>
          <div
            class="t-alert__collapse"
          >
            展开更多
          </div>
        </div>
      </div>
    </div>
  </div>
</DocumentFragment>
`;

exports[`icon.jsx 1`] = `
<DocumentFragment>
  <div
    class="tdesign-demo-block-column"
  >
    <div
      class="t-alert t-alert--success"
    >
      <div
        class="t-alert__icon"
      >
        <svg
          class="t-icon t-icon-check-circle-filled"
          fill="none"
          height="1em"
          viewBox="0 0 16 16"
          width="1em"
        >
          <path
            d="M8 15A7 7 0 108 1a7 7 0 000 14zM4.5 8.2l.7-.7L7 9.3l3.8-3.8.7.7L7 10.7 4.5 8.2z"
            fill="currentColor"
            fill-opacity="0.9"
          />
        </svg>
      </div>
      <div
        class="t-alert__content"
      >
        <div
          class="t-alert__message"
        >
          <div
            class="t-alert__description"
          >
            这是一条成功的消息提示
          </div>
        </div>
      </div>
    </div>
    <div
      class="t-alert t-alert--info"
    >
      <div
        class="t-alert__icon"
      >
        <svg
          class="t-icon t-icon-info-circle-filled"
          fill="none"
          height="1em"
          viewBox="0 0 16 16"
          width="1em"
        >
          <path
            d="M8 15A7 7 0 108 1a7 7 0 000 14zM7.4 4h1.2v1.2H7.4V4zm.1 2.5h1V12h-1V6.5z"
            fill="currentColor"
            fill-opacity="0.9"
          />
        </svg>
      </div>
      <div
        class="t-alert__content"
      >
        <div
          class="t-alert__message"
        >
          <div
            class="t-alert__description"
          >
            这是一条普通的消息提示
          </div>
        </div>
      </div>
    </div>
    <div
      class="t-alert t-alert--warning"
    >
      <div
        class="t-alert__icon"
      >
        <svg
          class="t-icon t-icon-error-circle-filled"
          fill="none"
          height="1em"
          viewBox="0 0 16 16"
          width="1em"
        >
          <path
            d="M15 8A7 7 0 101 8a7 7 0 0014 0zM8.5 4v5.5h-1V4h1zm-1.1 7h1.2v1.2H7.4V11z"
            fill="currentColor"
            fill-opacity="0.9"
          />
        </svg>
      </div>
      <div
        class="t-alert__content"
      >
        <div
          class="t-alert__message"
        >
          <div
            class="t-alert__description"
          >
            这是一条警示消息
          </div>
        </div>
      </div>
    </div>
    <div
      class="t-alert t-alert--error"
    >
      <div
        class="t-alert__icon"
      >
        <svg
          class="t-icon t-icon-error-circle-filled"
          fill="none"
          height="1em"
          viewBox="0 0 16 16"
          width="1em"
        >
          <path
            d="M15 8A7 7 0 101 8a7 7 0 0014 0zM8.5 4v5.5h-1V4h1zm-1.1 7h1.2v1.2H7.4V11z"
            fill="currentColor"
            fill-opacity="0.9"
          />
        </svg>
      </div>
      <div
        class="t-alert__content"
      >
        <div
          class="t-alert__message"
        >
          <div
            class="t-alert__description"
          >
            高危操作/出错信息提示
          </div>
        </div>
      </div>
    </div>
  </div>
</DocumentFragment>
`;

exports[`operation.jsx 1`] = `
<DocumentFragment>
  <div
    class="tdesign-demo-block-column"
  >
    <div
      class="t-alert t-alert--success"
    >
      <div
        class="t-alert__icon"
      >
        <svg
          class="t-icon t-icon-check-circle-filled"
          fill="none"
          height="1em"
          viewBox="0 0 16 16"
          width="1em"
        >
          <path
            d="M8 15A7 7 0 108 1a7 7 0 000 14zM4.5 8.2l.7-.7L7 9.3l3.8-3.8.7.7L7 10.7 4.5 8.2z"
            fill="currentColor"
            fill-opacity="0.9"
          />
        </svg>
      </div>
      <div
        class="t-alert__content"
      >
        <div
          class="t-alert__message"
        >
          <div
            class="t-alert__description"
          >
            这是一条成功的消息提示
          </div>
          <div
            class="t-alert__operation"
          >
            <span>
              相关操作
            </span>
          </div>
        </div>
      </div>
      <div
        class="t-alert__close"
      >
        <svg
          class="t-icon t-icon-close"
          fill="none"
          height="1em"
          viewBox="0 0 16 16"
          width="1em"
        >
          <path
            d="M8 8.92L11.08 12l.92-.92L8.92 8 12 4.92 11.08 4 8 7.08 4.92 4 4 4.92 7.08 8 4 11.08l.92.92L8 8.92z"
            fill="currentColor"
            fill-opacity="0.9"
          />
        </svg>
      </div>
    </div>
    <div
      class="t-alert t-alert--info"
    >
      <div
        class="t-alert__icon"
      >
        <svg
          class="t-icon t-icon-info-circle-filled"
          fill="none"
          height="1em"
          viewBox="0 0 16 16"
          width="1em"
        >
          <path
            d="M8 15A7 7 0 108 1a7 7 0 000 14zM7.4 4h1.2v1.2H7.4V4zm.1 2.5h1V12h-1V6.5z"
            fill="currentColor"
            fill-opacity="0.9"
          />
        </svg>
      </div>
      <div
        class="t-alert__content"
      >
        <div
          class="t-alert__message"
        >
          <div
            class="t-alert__description"
          >
            这是一条普通的消息提示
          </div>
          <div
            class="t-alert__operation"
          >
            <span>
              相关操作
            </span>
          </div>
        </div>
      </div>
      <div
        class="t-alert__close"
      >
        <svg
          class="t-icon t-icon-close"
          fill="none"
          height="1em"
          viewBox="0 0 16 16"
          width="1em"
        >
          <path
            d="M8 8.92L11.08 12l.92-.92L8.92 8 12 4.92 11.08 4 8 7.08 4.92 4 4 4.92 7.08 8 4 11.08l.92.92L8 8.92z"
            fill="currentColor"
            fill-opacity="0.9"
          />
        </svg>
      </div>
    </div>
    <div
      class="t-alert t-alert--warning"
    >
      <div
        class="t-alert__icon"
      >
        <svg
          class="t-icon t-icon-error-circle-filled"
          fill="none"
          height="1em"
          viewBox="0 0 16 16"
          width="1em"
        >
          <path
            d="M15 8A7 7 0 101 8a7 7 0 0014 0zM8.5 4v5.5h-1V4h1zm-1.1 7h1.2v1.2H7.4V11z"
            fill="currentColor"
            fill-opacity="0.9"
          />
        </svg>
      </div>
      <div
        class="t-alert__content"
      >
        <div
          class="t-alert__message"
        >
          <div
            class="t-alert__description"
          >
            这是一条警示消息
          </div>
          <div
            class="t-alert__operation"
          >
            <span>
              相关操作
            </span>
          </div>
        </div>
      </div>
      <div
        class="t-alert__close"
      >
        <svg
          class="t-icon t-icon-close"
          fill="none"
          height="1em"
          viewBox="0 0 16 16"
          width="1em"
        >
          <path
            d="M8 8.92L11.08 12l.92-.92L8.92 8 12 4.92 11.08 4 8 7.08 4.92 4 4 4.92 7.08 8 4 11.08l.92.92L8 8.92z"
            fill="currentColor"
            fill-opacity="0.9"
          />
        </svg>
      </div>
    </div>
    <div
      class="t-alert t-alert--error"
    >
      <div
        class="t-alert__icon"
      >
        <svg
          class="t-icon t-icon-error-circle-filled"
          fill="none"
          height="1em"
          viewBox="0 0 16 16"
          width="1em"
        >
          <path
            d="M15 8A7 7 0 101 8a7 7 0 0014 0zM8.5 4v5.5h-1V4h1zm-1.1 7h1.2v1.2H7.4V11z"
            fill="currentColor"
            fill-opacity="0.9"
          />
        </svg>
      </div>
      <div
        class="t-alert__content"
      >
        <div
          class="t-alert__message"
        >
          <div
            class="t-alert__description"
          >
            高危操作/出错信息提示
          </div>
          <div
            class="t-alert__operation"
          >
            <span>
              相关操作
            </span>
          </div>
        </div>
      </div>
      <div
        class="t-alert__close"
      >
        <svg
          class="t-icon t-icon-close"
          fill="none"
          height="1em"
          viewBox="0 0 16 16"
          width="1em"
        >
          <path
            d="M8 8.92L11.08 12l.92-.92L8.92 8 12 4.92 11.08 4 8 7.08 4.92 4 4 4.92 7.08 8 4 11.08l.92.92L8 8.92z"
            fill="currentColor"
            fill-opacity="0.9"
          />
        </svg>
      </div>
    </div>
  </div>
</DocumentFragment>
`;

exports[`swiper.jsx 1`] = `
<DocumentFragment>
  <div
    class="tdesign-demo-block-column"
  >
    <div
      class="t-alert t-alert--success"
    >
      <div
        class="t-alert__icon"
      >
        <svg
          class="t-icon t-icon-check-circle-filled"
          fill="none"
          height="1em"
          viewBox="0 0 16 16"
          width="1em"
        >
          <path
            d="M8 15A7 7 0 108 1a7 7 0 000 14zM4.5 8.2l.7-.7L7 9.3l3.8-3.8.7.7L7 10.7 4.5 8.2z"
            fill="currentColor"
            fill-opacity="0.9"
          />
        </svg>
      </div>
      <div
        class="t-alert__content"
      >
        <div
          class="t-alert__message"
        >
          <div
            class="t-alert__description"
          >
            这是一条成功的消息提示
          </div>
        </div>
      </div>
    </div>
    <div
      class="t-alert t-alert--info"
    >
      <div
        class="t-alert__icon"
      >
        <svg
          class="t-icon t-icon-info-circle-filled"
          fill="none"
          height="1em"
          viewBox="0 0 16 16"
          width="1em"
        >
          <path
            d="M8 15A7 7 0 108 1a7 7 0 000 14zM7.4 4h1.2v1.2H7.4V4zm.1 2.5h1V12h-1V6.5z"
            fill="currentColor"
            fill-opacity="0.9"
          />
        </svg>
      </div>
      <div
        class="t-alert__content"
      >
        <div
          class="t-alert__message"
        >
          <div
            class="t-alert__description"
          >
            这是一条普通的消息提示
          </div>
        </div>
      </div>
    </div>
    <div
      class="t-alert t-alert--warning"
    >
      <div
        class="t-alert__icon"
      >
        <svg
          class="t-icon t-icon-error-circle-filled"
          fill="none"
          height="1em"
          viewBox="0 0 16 16"
          width="1em"
        >
          <path
            d="M15 8A7 7 0 101 8a7 7 0 0014 0zM8.5 4v5.5h-1V4h1zm-1.1 7h1.2v1.2H7.4V11z"
            fill="currentColor"
            fill-opacity="0.9"
          />
        </svg>
      </div>
      <div
        class="t-alert__content"
      >
        <div
          class="t-alert__message"
        >
          <div
            class="t-alert__description"
          >
            这是一条警示消息
          </div>
        </div>
      </div>
    </div>
    <div
      class="t-alert t-alert--error"
    >
      <div
        class="t-alert__icon"
      >
        <svg
          class="t-icon t-icon-error-circle-filled"
          fill="none"
          height="1em"
          viewBox="0 0 16 16"
          width="1em"
        >
          <path
            d="M15 8A7 7 0 101 8a7 7 0 0014 0zM8.5 4v5.5h-1V4h1zm-1.1 7h1.2v1.2H7.4V11z"
            fill="currentColor"
            fill-opacity="0.9"
          />
        </svg>
      </div>
      <div
        class="t-alert__content"
      >
        <div
          class="t-alert__message"
        >
          <div
            class="t-alert__description"
          >
            高危操作/出错信息提示
          </div>
        </div>
      </div>
    </div>
  </div>
</DocumentFragment>
`;

exports[`title.jsx 1`] = `
<DocumentFragment>
  <div
    class="t-alert t-alert--info"
  >
    <div
      class="t-alert__icon"
    >
      <svg
        class="t-icon t-icon-info-circle-filled"
        fill="none"
        height="1em"
        viewBox="0 0 16 16"
        width="1em"
      >
        <path
          d="M8 15A7 7 0 108 1a7 7 0 000 14zM7.4 4h1.2v1.2H7.4V4zm.1 2.5h1V12h-1V6.5z"
          fill="currentColor"
          fill-opacity="0.9"
        />
      </svg>
    </div>
    <div
      class="t-alert__content"
    >
      <div
        class="t-alert__title"
      >
        这是一条普通的消息提示
      </div>
      <div
        class="t-alert__message"
      >
        <div
          class="t-alert__description"
        >
          这是一条普通的消息提示描述，这是一条普通的消息提示描述
        </div>
        <div
          class="t-alert__operation"
        >
          <span>
            相关操作
          </span>
        </div>
      </div>
    </div>
  </div>
</DocumentFragment>
`;
