// Vitest Snapshot v1

exports[`Rate 组件测试 > count 1`] = `
<div>
  <div
    class="t-rate"
  >
    <ul
      class="t-rate__list"
      style="gap: 4px;"
    >
      <li
        class="t-rate__item"
      >
        <div
          class="t-rate__star-top"
        >
          <svg
            class="t-icon t-icon-star-filled"
            color="#ED7B2F"
            fill="none"
            height="1em"
            style="font-size: 24px;"
            viewBox="0 0 16 16"
            width="1em"
          >
            <path
              d="M7.6 1.82a.45.45 0 01.8 0l1.8 3.65 4.03.58c.37.05.52.5.25.77l-2.91 2.84.69 4a.45.45 0 01-.66.48L8 12.25l-3.6 1.9a.45.45 0 01-.65-.48l.68-4.01-2.9-2.84a.45.45 0 01.24-.77l4.03-.58 1.8-3.65z"
              fill="currentColor"
              fill-opacity="0.9"
            />
          </svg>
        </div>
        <div
          class="t-rate__star-bottom"
        >
          <svg
            class="t-icon t-icon-star-filled"
            color="var(--td-bg-color-component)"
            fill="none"
            height="1em"
            style="font-size: 24px;"
            viewBox="0 0 16 16"
            width="1em"
          >
            <path
              d="M7.6 1.82a.45.45 0 01.8 0l1.8 3.65 4.03.58c.37.05.52.5.25.77l-2.91 2.84.69 4a.45.45 0 01-.66.48L8 12.25l-3.6 1.9a.45.45 0 01-.65-.48l.68-4.01-2.9-2.84a.45.45 0 01.24-.77l4.03-.58 1.8-3.65z"
              fill="currentColor"
              fill-opacity="0.9"
            />
          </svg>
        </div>
      </li>
      <li
        class="t-rate__item"
      >
        <div
          class="t-rate__star-top"
        >
          <svg
            class="t-icon t-icon-star-filled"
            color="#ED7B2F"
            fill="none"
            height="1em"
            style="font-size: 24px;"
            viewBox="0 0 16 16"
            width="1em"
          >
            <path
              d="M7.6 1.82a.45.45 0 01.8 0l1.8 3.65 4.03.58c.37.05.52.5.25.77l-2.91 2.84.69 4a.45.45 0 01-.66.48L8 12.25l-3.6 1.9a.45.45 0 01-.65-.48l.68-4.01-2.9-2.84a.45.45 0 01.24-.77l4.03-.58 1.8-3.65z"
              fill="currentColor"
              fill-opacity="0.9"
            />
          </svg>
        </div>
        <div
          class="t-rate__star-bottom"
        >
          <svg
            class="t-icon t-icon-star-filled"
            color="var(--td-bg-color-component)"
            fill="none"
            height="1em"
            style="font-size: 24px;"
            viewBox="0 0 16 16"
            width="1em"
          >
            <path
              d="M7.6 1.82a.45.45 0 01.8 0l1.8 3.65 4.03.58c.37.05.52.5.25.77l-2.91 2.84.69 4a.45.45 0 01-.66.48L8 12.25l-3.6 1.9a.45.45 0 01-.65-.48l.68-4.01-2.9-2.84a.45.45 0 01.24-.77l4.03-.58 1.8-3.65z"
              fill="currentColor"
              fill-opacity="0.9"
            />
          </svg>
        </div>
      </li>
      <li
        class="t-rate__item"
      >
        <div
          class="t-rate__star-top"
        >
          <svg
            class="t-icon t-icon-star-filled"
            color="#ED7B2F"
            fill="none"
            height="1em"
            style="font-size: 24px;"
            viewBox="0 0 16 16"
            width="1em"
          >
            <path
              d="M7.6 1.82a.45.45 0 01.8 0l1.8 3.65 4.03.58c.37.05.52.5.25.77l-2.91 2.84.69 4a.45.45 0 01-.66.48L8 12.25l-3.6 1.9a.45.45 0 01-.65-.48l.68-4.01-2.9-2.84a.45.45 0 01.24-.77l4.03-.58 1.8-3.65z"
              fill="currentColor"
              fill-opacity="0.9"
            />
          </svg>
        </div>
        <div
          class="t-rate__star-bottom"
        >
          <svg
            class="t-icon t-icon-star-filled"
            color="var(--td-bg-color-component)"
            fill="none"
            height="1em"
            style="font-size: 24px;"
            viewBox="0 0 16 16"
            width="1em"
          >
            <path
              d="M7.6 1.82a.45.45 0 01.8 0l1.8 3.65 4.03.58c.37.05.52.5.25.77l-2.91 2.84.69 4a.45.45 0 01-.66.48L8 12.25l-3.6 1.9a.45.45 0 01-.65-.48l.68-4.01-2.9-2.84a.45.45 0 01.24-.77l4.03-.58 1.8-3.65z"
              fill="currentColor"
              fill-opacity="0.9"
            />
          </svg>
        </div>
      </li>
      <li
        class="t-rate__item"
      >
        <div
          class="t-rate__star-top"
        >
          <svg
            class="t-icon t-icon-star-filled"
            color="#ED7B2F"
            fill="none"
            height="1em"
            style="font-size: 24px;"
            viewBox="0 0 16 16"
            width="1em"
          >
            <path
              d="M7.6 1.82a.45.45 0 01.8 0l1.8 3.65 4.03.58c.37.05.52.5.25.77l-2.91 2.84.69 4a.45.45 0 01-.66.48L8 12.25l-3.6 1.9a.45.45 0 01-.65-.48l.68-4.01-2.9-2.84a.45.45 0 01.24-.77l4.03-.58 1.8-3.65z"
              fill="currentColor"
              fill-opacity="0.9"
            />
          </svg>
        </div>
        <div
          class="t-rate__star-bottom"
        >
          <svg
            class="t-icon t-icon-star-filled"
            color="var(--td-bg-color-component)"
            fill="none"
            height="1em"
            style="font-size: 24px;"
            viewBox="0 0 16 16"
            width="1em"
          >
            <path
              d="M7.6 1.82a.45.45 0 01.8 0l1.8 3.65 4.03.58c.37.05.52.5.25.77l-2.91 2.84.69 4a.45.45 0 01-.66.48L8 12.25l-3.6 1.9a.45.45 0 01-.65-.48l.68-4.01-2.9-2.84a.45.45 0 01.24-.77l4.03-.58 1.8-3.65z"
              fill="currentColor"
              fill-opacity="0.9"
            />
          </svg>
        </div>
      </li>
      <li
        class="t-rate__item"
      >
        <div
          class="t-rate__star-top"
        >
          <svg
            class="t-icon t-icon-star-filled"
            color="#ED7B2F"
            fill="none"
            height="1em"
            style="font-size: 24px;"
            viewBox="0 0 16 16"
            width="1em"
          >
            <path
              d="M7.6 1.82a.45.45 0 01.8 0l1.8 3.65 4.03.58c.37.05.52.5.25.77l-2.91 2.84.69 4a.45.45 0 01-.66.48L8 12.25l-3.6 1.9a.45.45 0 01-.65-.48l.68-4.01-2.9-2.84a.45.45 0 01.24-.77l4.03-.58 1.8-3.65z"
              fill="currentColor"
              fill-opacity="0.9"
            />
          </svg>
        </div>
        <div
          class="t-rate__star-bottom"
        >
          <svg
            class="t-icon t-icon-star-filled"
            color="var(--td-bg-color-component)"
            fill="none"
            height="1em"
            style="font-size: 24px;"
            viewBox="0 0 16 16"
            width="1em"
          >
            <path
              d="M7.6 1.82a.45.45 0 01.8 0l1.8 3.65 4.03.58c.37.05.52.5.25.77l-2.91 2.84.69 4a.45.45 0 01-.66.48L8 12.25l-3.6 1.9a.45.45 0 01-.65-.48l.68-4.01-2.9-2.84a.45.45 0 01.24-.77l4.03-.58 1.8-3.65z"
              fill="currentColor"
              fill-opacity="0.9"
            />
          </svg>
        </div>
      </li>
      <li
        class="t-rate__item"
      >
        <div
          class="t-rate__star-top"
        >
          <svg
            class="t-icon t-icon-star-filled"
            color="#ED7B2F"
            fill="none"
            height="1em"
            style="font-size: 24px;"
            viewBox="0 0 16 16"
            width="1em"
          >
            <path
              d="M7.6 1.82a.45.45 0 01.8 0l1.8 3.65 4.03.58c.37.05.52.5.25.77l-2.91 2.84.69 4a.45.45 0 01-.66.48L8 12.25l-3.6 1.9a.45.45 0 01-.65-.48l.68-4.01-2.9-2.84a.45.45 0 01.24-.77l4.03-.58 1.8-3.65z"
              fill="currentColor"
              fill-opacity="0.9"
            />
          </svg>
        </div>
        <div
          class="t-rate__star-bottom"
        >
          <svg
            class="t-icon t-icon-star-filled"
            color="var(--td-bg-color-component)"
            fill="none"
            height="1em"
            style="font-size: 24px;"
            viewBox="0 0 16 16"
            width="1em"
          >
            <path
              d="M7.6 1.82a.45.45 0 01.8 0l1.8 3.65 4.03.58c.37.05.52.5.25.77l-2.91 2.84.69 4a.45.45 0 01-.66.48L8 12.25l-3.6 1.9a.45.45 0 01-.65-.48l.68-4.01-2.9-2.84a.45.45 0 01.24-.77l4.03-.58 1.8-3.65z"
              fill="currentColor"
              fill-opacity="0.9"
            />
          </svg>
        </div>
      </li>
      <li
        class="t-rate__item"
      >
        <div
          class="t-rate__star-top"
        >
          <svg
            class="t-icon t-icon-star-filled"
            color="#ED7B2F"
            fill="none"
            height="1em"
            style="font-size: 24px;"
            viewBox="0 0 16 16"
            width="1em"
          >
            <path
              d="M7.6 1.82a.45.45 0 01.8 0l1.8 3.65 4.03.58c.37.05.52.5.25.77l-2.91 2.84.69 4a.45.45 0 01-.66.48L8 12.25l-3.6 1.9a.45.45 0 01-.65-.48l.68-4.01-2.9-2.84a.45.45 0 01.24-.77l4.03-.58 1.8-3.65z"
              fill="currentColor"
              fill-opacity="0.9"
            />
          </svg>
        </div>
        <div
          class="t-rate__star-bottom"
        >
          <svg
            class="t-icon t-icon-star-filled"
            color="var(--td-bg-color-component)"
            fill="none"
            height="1em"
            style="font-size: 24px;"
            viewBox="0 0 16 16"
            width="1em"
          >
            <path
              d="M7.6 1.82a.45.45 0 01.8 0l1.8 3.65 4.03.58c.37.05.52.5.25.77l-2.91 2.84.69 4a.45.45 0 01-.66.48L8 12.25l-3.6 1.9a.45.45 0 01-.65-.48l.68-4.01-2.9-2.84a.45.45 0 01.24-.77l4.03-.58 1.8-3.65z"
              fill="currentColor"
              fill-opacity="0.9"
            />
          </svg>
        </div>
      </li>
      <li
        class="t-rate__item"
      >
        <div
          class="t-rate__star-top"
        >
          <svg
            class="t-icon t-icon-star-filled"
            color="#ED7B2F"
            fill="none"
            height="1em"
            style="font-size: 24px;"
            viewBox="0 0 16 16"
            width="1em"
          >
            <path
              d="M7.6 1.82a.45.45 0 01.8 0l1.8 3.65 4.03.58c.37.05.52.5.25.77l-2.91 2.84.69 4a.45.45 0 01-.66.48L8 12.25l-3.6 1.9a.45.45 0 01-.65-.48l.68-4.01-2.9-2.84a.45.45 0 01.24-.77l4.03-.58 1.8-3.65z"
              fill="currentColor"
              fill-opacity="0.9"
            />
          </svg>
        </div>
        <div
          class="t-rate__star-bottom"
        >
          <svg
            class="t-icon t-icon-star-filled"
            color="var(--td-bg-color-component)"
            fill="none"
            height="1em"
            style="font-size: 24px;"
            viewBox="0 0 16 16"
            width="1em"
          >
            <path
              d="M7.6 1.82a.45.45 0 01.8 0l1.8 3.65 4.03.58c.37.05.52.5.25.77l-2.91 2.84.69 4a.45.45 0 01-.66.48L8 12.25l-3.6 1.9a.45.45 0 01-.65-.48l.68-4.01-2.9-2.84a.45.45 0 01.24-.77l4.03-.58 1.8-3.65z"
              fill="currentColor"
              fill-opacity="0.9"
            />
          </svg>
        </div>
      </li>
      <li
        class="t-rate__item"
      >
        <div
          class="t-rate__star-top"
        >
          <svg
            class="t-icon t-icon-star-filled"
            color="#ED7B2F"
            fill="none"
            height="1em"
            style="font-size: 24px;"
            viewBox="0 0 16 16"
            width="1em"
          >
            <path
              d="M7.6 1.82a.45.45 0 01.8 0l1.8 3.65 4.03.58c.37.05.52.5.25.77l-2.91 2.84.69 4a.45.45 0 01-.66.48L8 12.25l-3.6 1.9a.45.45 0 01-.65-.48l.68-4.01-2.9-2.84a.45.45 0 01.24-.77l4.03-.58 1.8-3.65z"
              fill="currentColor"
              fill-opacity="0.9"
            />
          </svg>
        </div>
        <div
          class="t-rate__star-bottom"
        >
          <svg
            class="t-icon t-icon-star-filled"
            color="var(--td-bg-color-component)"
            fill="none"
            height="1em"
            style="font-size: 24px;"
            viewBox="0 0 16 16"
            width="1em"
          >
            <path
              d="M7.6 1.82a.45.45 0 01.8 0l1.8 3.65 4.03.58c.37.05.52.5.25.77l-2.91 2.84.69 4a.45.45 0 01-.66.48L8 12.25l-3.6 1.9a.45.45 0 01-.65-.48l.68-4.01-2.9-2.84a.45.45 0 01.24-.77l4.03-.58 1.8-3.65z"
              fill="currentColor"
              fill-opacity="0.9"
            />
          </svg>
        </div>
      </li>
      <li
        class="t-rate__item"
      >
        <div
          class="t-rate__star-top"
        >
          <svg
            class="t-icon t-icon-star-filled"
            color="#ED7B2F"
            fill="none"
            height="1em"
            style="font-size: 24px;"
            viewBox="0 0 16 16"
            width="1em"
          >
            <path
              d="M7.6 1.82a.45.45 0 01.8 0l1.8 3.65 4.03.58c.37.05.52.5.25.77l-2.91 2.84.69 4a.45.45 0 01-.66.48L8 12.25l-3.6 1.9a.45.45 0 01-.65-.48l.68-4.01-2.9-2.84a.45.45 0 01.24-.77l4.03-.58 1.8-3.65z"
              fill="currentColor"
              fill-opacity="0.9"
            />
          </svg>
        </div>
        <div
          class="t-rate__star-bottom"
        >
          <svg
            class="t-icon t-icon-star-filled"
            color="var(--td-bg-color-component)"
            fill="none"
            height="1em"
            style="font-size: 24px;"
            viewBox="0 0 16 16"
            width="1em"
          >
            <path
              d="M7.6 1.82a.45.45 0 01.8 0l1.8 3.65 4.03.58c.37.05.52.5.25.77l-2.91 2.84.69 4a.45.45 0 01-.66.48L8 12.25l-3.6 1.9a.45.45 0 01-.65-.48l.68-4.01-2.9-2.84a.45.45 0 01.24-.77l4.03-.58 1.8-3.65z"
              fill="currentColor"
              fill-opacity="0.9"
            />
          </svg>
        </div>
      </li>
    </ul>
  </div>
</div>
`;

exports[`Rate 组件测试 > create 1`] = `
<div>
  <div
    class="t-rate"
  >
    <ul
      class="t-rate__list"
      style="gap: 4px;"
    >
      <li
        class="t-rate__item"
      >
        <div
          class="t-rate__star-top"
        >
          <svg
            class="t-icon t-icon-star-filled"
            color="#ED7B2F"
            fill="none"
            height="1em"
            style="font-size: 24px;"
            viewBox="0 0 16 16"
            width="1em"
          >
            <path
              d="M7.6 1.82a.45.45 0 01.8 0l1.8 3.65 4.03.58c.37.05.52.5.25.77l-2.91 2.84.69 4a.45.45 0 01-.66.48L8 12.25l-3.6 1.9a.45.45 0 01-.65-.48l.68-4.01-2.9-2.84a.45.45 0 01.24-.77l4.03-.58 1.8-3.65z"
              fill="currentColor"
              fill-opacity="0.9"
            />
          </svg>
        </div>
        <div
          class="t-rate__star-bottom"
        >
          <svg
            class="t-icon t-icon-star-filled"
            color="var(--td-bg-color-component)"
            fill="none"
            height="1em"
            style="font-size: 24px;"
            viewBox="0 0 16 16"
            width="1em"
          >
            <path
              d="M7.6 1.82a.45.45 0 01.8 0l1.8 3.65 4.03.58c.37.05.52.5.25.77l-2.91 2.84.69 4a.45.45 0 01-.66.48L8 12.25l-3.6 1.9a.45.45 0 01-.65-.48l.68-4.01-2.9-2.84a.45.45 0 01.24-.77l4.03-.58 1.8-3.65z"
              fill="currentColor"
              fill-opacity="0.9"
            />
          </svg>
        </div>
      </li>
      <li
        class="t-rate__item"
      >
        <div
          class="t-rate__star-top"
        >
          <svg
            class="t-icon t-icon-star-filled"
            color="#ED7B2F"
            fill="none"
            height="1em"
            style="font-size: 24px;"
            viewBox="0 0 16 16"
            width="1em"
          >
            <path
              d="M7.6 1.82a.45.45 0 01.8 0l1.8 3.65 4.03.58c.37.05.52.5.25.77l-2.91 2.84.69 4a.45.45 0 01-.66.48L8 12.25l-3.6 1.9a.45.45 0 01-.65-.48l.68-4.01-2.9-2.84a.45.45 0 01.24-.77l4.03-.58 1.8-3.65z"
              fill="currentColor"
              fill-opacity="0.9"
            />
          </svg>
        </div>
        <div
          class="t-rate__star-bottom"
        >
          <svg
            class="t-icon t-icon-star-filled"
            color="var(--td-bg-color-component)"
            fill="none"
            height="1em"
            style="font-size: 24px;"
            viewBox="0 0 16 16"
            width="1em"
          >
            <path
              d="M7.6 1.82a.45.45 0 01.8 0l1.8 3.65 4.03.58c.37.05.52.5.25.77l-2.91 2.84.69 4a.45.45 0 01-.66.48L8 12.25l-3.6 1.9a.45.45 0 01-.65-.48l.68-4.01-2.9-2.84a.45.45 0 01.24-.77l4.03-.58 1.8-3.65z"
              fill="currentColor"
              fill-opacity="0.9"
            />
          </svg>
        </div>
      </li>
      <li
        class="t-rate__item"
      >
        <div
          class="t-rate__star-top"
        >
          <svg
            class="t-icon t-icon-star-filled"
            color="#ED7B2F"
            fill="none"
            height="1em"
            style="font-size: 24px;"
            viewBox="0 0 16 16"
            width="1em"
          >
            <path
              d="M7.6 1.82a.45.45 0 01.8 0l1.8 3.65 4.03.58c.37.05.52.5.25.77l-2.91 2.84.69 4a.45.45 0 01-.66.48L8 12.25l-3.6 1.9a.45.45 0 01-.65-.48l.68-4.01-2.9-2.84a.45.45 0 01.24-.77l4.03-.58 1.8-3.65z"
              fill="currentColor"
              fill-opacity="0.9"
            />
          </svg>
        </div>
        <div
          class="t-rate__star-bottom"
        >
          <svg
            class="t-icon t-icon-star-filled"
            color="var(--td-bg-color-component)"
            fill="none"
            height="1em"
            style="font-size: 24px;"
            viewBox="0 0 16 16"
            width="1em"
          >
            <path
              d="M7.6 1.82a.45.45 0 01.8 0l1.8 3.65 4.03.58c.37.05.52.5.25.77l-2.91 2.84.69 4a.45.45 0 01-.66.48L8 12.25l-3.6 1.9a.45.45 0 01-.65-.48l.68-4.01-2.9-2.84a.45.45 0 01.24-.77l4.03-.58 1.8-3.65z"
              fill="currentColor"
              fill-opacity="0.9"
            />
          </svg>
        </div>
      </li>
      <li
        class="t-rate__item"
      >
        <div
          class="t-rate__star-top"
        >
          <svg
            class="t-icon t-icon-star-filled"
            color="#ED7B2F"
            fill="none"
            height="1em"
            style="font-size: 24px;"
            viewBox="0 0 16 16"
            width="1em"
          >
            <path
              d="M7.6 1.82a.45.45 0 01.8 0l1.8 3.65 4.03.58c.37.05.52.5.25.77l-2.91 2.84.69 4a.45.45 0 01-.66.48L8 12.25l-3.6 1.9a.45.45 0 01-.65-.48l.68-4.01-2.9-2.84a.45.45 0 01.24-.77l4.03-.58 1.8-3.65z"
              fill="currentColor"
              fill-opacity="0.9"
            />
          </svg>
        </div>
        <div
          class="t-rate__star-bottom"
        >
          <svg
            class="t-icon t-icon-star-filled"
            color="var(--td-bg-color-component)"
            fill="none"
            height="1em"
            style="font-size: 24px;"
            viewBox="0 0 16 16"
            width="1em"
          >
            <path
              d="M7.6 1.82a.45.45 0 01.8 0l1.8 3.65 4.03.58c.37.05.52.5.25.77l-2.91 2.84.69 4a.45.45 0 01-.66.48L8 12.25l-3.6 1.9a.45.45 0 01-.65-.48l.68-4.01-2.9-2.84a.45.45 0 01.24-.77l4.03-.58 1.8-3.65z"
              fill="currentColor"
              fill-opacity="0.9"
            />
          </svg>
        </div>
      </li>
      <li
        class="t-rate__item"
      >
        <div
          class="t-rate__star-top"
        >
          <svg
            class="t-icon t-icon-star-filled"
            color="#ED7B2F"
            fill="none"
            height="1em"
            style="font-size: 24px;"
            viewBox="0 0 16 16"
            width="1em"
          >
            <path
              d="M7.6 1.82a.45.45 0 01.8 0l1.8 3.65 4.03.58c.37.05.52.5.25.77l-2.91 2.84.69 4a.45.45 0 01-.66.48L8 12.25l-3.6 1.9a.45.45 0 01-.65-.48l.68-4.01-2.9-2.84a.45.45 0 01.24-.77l4.03-.58 1.8-3.65z"
              fill="currentColor"
              fill-opacity="0.9"
            />
          </svg>
        </div>
        <div
          class="t-rate__star-bottom"
        >
          <svg
            class="t-icon t-icon-star-filled"
            color="var(--td-bg-color-component)"
            fill="none"
            height="1em"
            style="font-size: 24px;"
            viewBox="0 0 16 16"
            width="1em"
          >
            <path
              d="M7.6 1.82a.45.45 0 01.8 0l1.8 3.65 4.03.58c.37.05.52.5.25.77l-2.91 2.84.69 4a.45.45 0 01-.66.48L8 12.25l-3.6 1.9a.45.45 0 01-.65-.48l.68-4.01-2.9-2.84a.45.45 0 01.24-.77l4.03-.58 1.8-3.65z"
              fill="currentColor"
              fill-opacity="0.9"
            />
          </svg>
        </div>
      </li>
    </ul>
  </div>
</div>
`;
