// Jest Snapshot v1, https://goo.gl/fbAQLP

exports[`circle.jsx 1`] = `
<DocumentFragment>
  <div
    class="tdesign-demo-block-column-large"
    style="text-align: center;"
  >
    <div
      class="tdesign-demo-block-row"
    >
      <div
        class="tdesign-demo-block-column"
      >
        <div>
          默认样式
        </div>
        <div>
          <div
            class="t-progress--circle"
            style="width: 112px; height: 112px; font-size: 17.5px;"
          >
            <div
              class="t-progress__info"
            >
              0%
            </div>
            <svg
              height="112"
              viewBox="0 0 118 118"
              width="112"
            >
              <circle
                cx="59"
                cy="59"
                fill="none"
                r="56"
                stroke="var(--td-bg-color-component)"
                stroke-width="6"
              />
            </svg>
          </div>
        </div>
      </div>
      <div
        class="tdesign-demo-block-column"
      >
        <div>
          不显示数字
        </div>
        <div>
          <div
            class="t-progress--circle"
            style="width: 112px; height: 112px; font-size: 17.5px;"
          >
            <svg
              height="112"
              viewBox="0 0 118 118"
              width="112"
            >
              <circle
                cx="59"
                cy="59"
                fill="none"
                r="56"
                stroke="var(--td-bg-color-component)"
                stroke-width="6"
              />
            </svg>
          </div>
        </div>
      </div>
      <div
        class="tdesign-demo-block-column"
      >
        <div>
          自定义内容
        </div>
        <div>
          <div
            class="t-progress--circle"
            style="width: 112px; height: 112px; font-size: 17.5px;"
          >
            <div
              class="t-progress__info"
            >
              <div>
                75 day
              </div>
            </div>
            <svg
              height="112"
              viewBox="0 0 118 118"
              width="112"
            >
              <circle
                cx="59"
                cy="59"
                fill="none"
                r="56"
                stroke="var(--td-bg-color-component)"
                stroke-width="6"
              />
            </svg>
          </div>
        </div>
      </div>
    </div>
    <div
      class="tdesign-demo-block-row"
    >
      <div
        class="tdesign-demo-block-column"
      >
        <div>
          进度完成
        </div>
        <div>
          <div
            class="t-progress--circle t-progress--status--success"
            style="width: 112px; height: 112px; font-size: 17.5px;"
          >
            <div
              class="t-progress__info"
            >
              <svg
                class="t-icon t-icon-check-circle t-progress__icon"
                fill="none"
                height="1em"
                viewBox="0 0 16 16"
                width="1em"
              >
                <path
                  d="M4.5 8.2L7 10.7l4.5-4.5-.7-.7L7 9.3 5.2 7.5l-.7.7z"
                  fill="currentColor"
                  fill-opacity="0.9"
                />
                <path
                  d="M4.11 2.18a7 7 0 117.78 11.64A7 7 0 014.1 2.18zm.56 10.8a6 6 0 106.66-9.97A6 6 0 004.67 13z"
                  fill="currentColor"
                  fill-opacity="0.9"
                />
              </svg>
            </div>
            <svg
              height="112"
              viewBox="0 0 118 118"
              width="112"
            >
              <circle
                cx="59"
                cy="59"
                fill="none"
                r="56"
                stroke="var(--td-bg-color-component)"
                stroke-width="6"
              />
              <circle
                class="t-progress__circle-inner"
                cx="59"
                cy="59"
                fill="none"
                r="56"
                stroke-dasharray="351.85837720205683  0"
                stroke-width="6"
                style="stroke-linecap: round;"
                transform="matrix(0,-1,1,0,0,118)"
              />
            </svg>
          </div>
        </div>
      </div>
      <div
        class="tdesign-demo-block-column"
      >
        <div>
          进度发生错误
        </div>
        <div>
          <div
            class="t-progress--circle t-progress--status--error"
            style="width: 112px; height: 112px; font-size: 17.5px;"
          >
            <div
              class="t-progress__info"
            >
              <svg
                class="t-icon t-icon-close-circle t-progress__icon"
                fill="none"
                height="1em"
                viewBox="0 0 16 16"
                width="1em"
              >
                <path
                  d="M4.98 10.31L7.3 8 5 5.69l.7-.7L8 7.28 10.31 5l.7.7L8.72 8l2.3 2.31-.7.7L8 8.72 5.69 11l-.7-.7z"
                  fill="currentColor"
                  fill-opacity="0.9"
                />
                <path
                  d="M8 1a7 7 0 110 14A7 7 0 018 1zm0 1a6 6 0 100 12A6 6 0 008 2z"
                  fill="currentColor"
                  fill-opacity="0.9"
                />
              </svg>
            </div>
            <svg
              height="112"
              viewBox="0 0 118 118"
              width="112"
            >
              <circle
                cx="59"
                cy="59"
                fill="none"
                r="56"
                stroke="var(--td-bg-color-component)"
                stroke-width="6"
              />
            </svg>
          </div>
        </div>
      </div>
      <div
        class="tdesign-demo-block-column"
      >
        <div>
          进度被中断
        </div>
        <div>
          <div
            class="t-progress--circle t-progress--status--warning"
            style="width: 112px; height: 112px; font-size: 17.5px;"
          >
            <div
              class="t-progress__info"
            >
              <svg
                class="t-icon t-icon-error-circle t-progress__icon"
                fill="none"
                height="1em"
                viewBox="0 0 16 16"
                width="1em"
              >
                <path
                  d="M8.5 4v5.5h-1V4h1zM8.6 10.5H7.4v1.2h1.2v-1.2z"
                  fill="currentColor"
                  fill-opacity="0.9"
                />
                <path
                  d="M15 8A7 7 0 101 8a7 7 0 0014 0zm-1 0A6 6 0 112 8a6 6 0 0112 0z"
                  fill="currentColor"
                  fill-opacity="0.9"
                />
              </svg>
            </div>
            <svg
              height="112"
              viewBox="0 0 118 118"
              width="112"
            >
              <circle
                cx="59"
                cy="59"
                fill="none"
                r="56"
                stroke="var(--td-bg-color-component)"
                stroke-width="6"
              />
            </svg>
          </div>
        </div>
      </div>
      <div
        class="tdesign-demo-block-column"
      >
        <div>
          自定义颜色
        </div>
        <div>
          <div
            class="t-progress--circle t-progress--status--error"
            style="width: 112px; height: 112px; font-size: 17.5px;"
          >
            <div
              class="t-progress__info"
            >
              <svg
                class="t-icon t-icon-close-circle t-progress__icon"
                fill="none"
                height="1em"
                viewBox="0 0 16 16"
                width="1em"
              >
                <path
                  d="M4.98 10.31L7.3 8 5 5.69l.7-.7L8 7.28 10.31 5l.7.7L8.72 8l2.3 2.31-.7.7L8 8.72 5.69 11l-.7-.7z"
                  fill="currentColor"
                  fill-opacity="0.9"
                />
                <path
                  d="M8 1a7 7 0 110 14A7 7 0 018 1zm0 1a6 6 0 100 12A6 6 0 008 2z"
                  fill="currentColor"
                  fill-opacity="0.9"
                />
              </svg>
            </div>
            <svg
              height="112"
              viewBox="0 0 118 118"
              width="112"
            >
              <circle
                cx="59"
                cy="59"
                fill="none"
                r="56"
                stroke="#0f0"
                stroke-width="6"
              />
            </svg>
          </div>
        </div>
      </div>
    </div>
    <div
      class="tdesign-demo-block-row"
    >
      <div
        class="tdesign-demo-block-column"
      >
        <div>
          小尺寸
        </div>
        <div>
          <div
            class="t-progress--circle"
            style="width: 72px; height: 72px; font-size: 12.64px;"
          >
            <div
              class="t-progress__info"
            >
              0%
            </div>
            <svg
              height="72"
              viewBox="0 0 76 76"
              width="72"
            >
              <circle
                cx="38"
                cy="38"
                fill="none"
                r="36"
                stroke="var(--td-bg-color-component)"
                stroke-width="4"
              />
            </svg>
          </div>
        </div>
      </div>
      <div
        class="tdesign-demo-block-column"
      >
        <div>
          默认尺寸
        </div>
        <div>
          <div
            class="t-progress--circle"
            style="width: 112px; height: 112px; font-size: 17.5px;"
          >
            <div
              class="t-progress__info"
            >
              0%
            </div>
            <svg
              height="112"
              viewBox="0 0 118 118"
              width="112"
            >
              <circle
                cx="59"
                cy="59"
                fill="none"
                r="56"
                stroke="var(--td-bg-color-component)"
                stroke-width="6"
              />
            </svg>
          </div>
        </div>
      </div>
      <div
        class="tdesign-demo-block-column"
      >
        <div>
          大尺寸
        </div>
        <div>
          <div
            class="t-progress--circle"
            style="width: 160px; height: 160px; font-size: 23.98px;"
          >
            <div
              class="t-progress__info"
            >
              0%
            </div>
            <svg
              height="160"
              viewBox="0 0 166 166"
              width="160"
            >
              <circle
                cx="83"
                cy="83"
                fill="none"
                r="80"
                stroke="var(--td-bg-color-component)"
                stroke-width="6"
              />
            </svg>
          </div>
        </div>
      </div>
      <div
        class="tdesign-demo-block-column"
      >
        <div>
          自定义尺寸
        </div>
        <div>
          <div
            class="t-progress--circle"
            style="width: 112px; height: 112px; font-size: 5.62px;"
          >
            <div
              class="t-progress__info"
            >
              0%
            </div>
            <svg
              height="112"
              viewBox="0 0 162 162"
              width="112"
            >
              <circle
                cx="81"
                cy="81"
                fill="none"
                r="56"
                stroke="var(--td-bg-color-component)"
                stroke-width="50"
              />
            </svg>
          </div>
        </div>
      </div>
    </div>
  </div>
</DocumentFragment>
`;

exports[`line.jsx 1`] = `
<DocumentFragment>
  <div
    class="tdesign-demo-block-column"
  >
    <h3>
      默认在线形外展示进度和状态
    </h3>
    <div>
      默认样式
    </div>
    <div>
      <div
        class="t-progress--thin"
      >
        <div
          class="t-progress__bar"
        >
          <div
            class="t-progress__inner"
            style="width: 0%;"
          />
        </div>
        <div
          class="t-progress__info"
        >
          0%
        </div>
      </div>
    </div>
    <div>
      进度被中断
    </div>
    <div>
      <div
        class="t-progress--thin t-progress--status--warning"
      >
        <div
          class="t-progress__bar"
        >
          <div
            class="t-progress__inner"
            style="width: 0%;"
          />
        </div>
        <div
          class="t-progress__info"
        >
          <svg
            class="t-icon t-icon-error-circle-filled t-progress__icon"
            fill="none"
            height="1em"
            viewBox="0 0 16 16"
            width="1em"
          >
            <path
              d="M15 8A7 7 0 101 8a7 7 0 0014 0zM8.5 4v5.5h-1V4h1zm-1.1 7h1.2v1.2H7.4V11z"
              fill="currentColor"
              fill-opacity="0.9"
            />
          </svg>
        </div>
      </div>
    </div>
    <div>
      进度状态发生重大错误
    </div>
    <div>
      <div
        class="t-progress--thin t-progress--status--error"
      >
        <div
          class="t-progress__bar"
        >
          <div
            class="t-progress__inner"
            style="width: 0%;"
          />
        </div>
        <div
          class="t-progress__info"
        >
          <svg
            class="t-icon t-icon-close-circle-filled t-progress__icon"
            fill="none"
            height="1em"
            viewBox="0 0 16 16"
            width="1em"
          >
            <path
              d="M15 8A7 7 0 101 8a7 7 0 0014 0zM5.67 4.95L8 7.29l2.33-2.34.7.7L8.7 8l2.34 2.35-.71.7L8 8.71l-2.33 2.34-.7-.7L7.3 8 4.96 5.65l.71-.7z"
              fill="currentColor"
              fill-opacity="0.9"
            />
          </svg>
        </div>
      </div>
    </div>
    <div>
      进度正常更新
    </div>
    <div>
      <div
        class="t-progress--thin t-progress--status--active"
      >
        <div
          class="t-progress__bar"
        >
          <div
            class="t-progress__inner"
            style="width: 0%;"
          />
        </div>
        <div
          class="t-progress__info"
        >
          0%
        </div>
      </div>
    </div>
    <div>
      不显示数字
    </div>
    <div>
      <div
        class="t-progress--thin"
      >
        <div
          class="t-progress__bar"
        >
          <div
            class="t-progress__inner"
            style="width: 0%;"
          />
        </div>
      </div>
    </div>
    <div>
      自定义内容
    </div>
    <div>
      <div
        class="t-progress--thin"
      >
        <div
          class="t-progress__bar"
        >
          <div
            class="t-progress__inner"
            style="width: 0%;"
          />
        </div>
        <div
          class="t-progress__info"
        >
          <div>
            自定义文本
          </div>
        </div>
      </div>
    </div>
    <div>
      自定义颜色与高度
    </div>
    <div>
      <div
        class="t-progress--thin"
      >
        <div
          class="t-progress__bar"
          style="height: 30px; background-color: rgb(0, 255, 0); border-radius: 30px;"
        >
          <div
            class="t-progress__inner"
            style="width: 0%; background: rgb(0, 0, 255); border-radius: 30px;"
          />
        </div>
        <div
          class="t-progress__info"
        >
          0%
        </div>
      </div>
    </div>
    <div>
      进度条渐变色
    </div>
    <div>
      <div
        class="t-progress--thin"
      >
        <div
          class="t-progress__bar"
        >
          <div
            class="t-progress__inner"
            style="width: 0%;"
          />
        </div>
        <div
          class="t-progress__info"
        >
          0%
        </div>
      </div>
    </div>
    <div>
      <div
        class="t-progress--thin"
      >
        <div
          class="t-progress__bar"
          style="background-color: rgb(0, 255, 0);"
        >
          <div
            class="t-progress__inner"
            style="width: 0%;"
          />
        </div>
        <div
          class="t-progress__info"
        >
          0%
        </div>
      </div>
    </div>
    <div>
      <div
        class="t-progress--thin"
      >
        <div
          class="t-progress__bar"
          style="height: 30px; border-radius: 30px;"
        >
          <div
            class="t-progress__inner"
            style="width: 0%; border-radius: 30px;"
          />
        </div>
        <div
          class="t-progress__info"
        >
          0%
        </div>
      </div>
    </div>
    <h3>
      可以在线形内展示进度信息
    </h3>
    <div
      class="tdesign-demo-block-column"
    >
      <div>
        默认样式
      </div>
      <div>
        <div
          class="t-progress__bar t-progress--plump t-progress--over-ten"
        >
          <div
            class="t-progress__inner"
            style="width: 30%;"
          >
            <div
              class="t-progress__info"
              style="color: rgb(255, 255, 255);"
            >
              30%
            </div>
          </div>
        </div>
      </div>
      <div>
        进度0-10%时数字数字位置出现在目前进度的右边区域
      </div>
      <div>
        <div
          class="t-progress__bar t-progress--plump t-progress--under-ten"
        >
          <div
            class="t-progress__inner"
            style="width: 5%;"
          />
          <div
            class="t-progress__info"
          >
            5%
          </div>
        </div>
      </div>
    </div>
  </div>
</DocumentFragment>
`;

exports[`plump.jsx 1`] = `
<DocumentFragment>
  <div>
    <div
      style="margin: 20px 0px 10px;"
    >
      默认样式
    </div>
    <div>
      <div
        class="t-progress__bar t-progress--plump t-progress--over-ten"
      >
        <div
          class="t-progress__inner"
          style="width: 30%;"
        >
          <div
            class="t-progress__info"
            style="color: rgb(255, 255, 255);"
          >
            30%
          </div>
        </div>
      </div>
    </div>
    <div
      style="margin: 20px 0px 10px;"
    >
      进度0-10%时数字数字位置出现在目前进度的右边区域
    </div>
    <div>
      <div
        class="t-progress__bar t-progress--plump t-progress--under-ten"
      >
        <div
          class="t-progress__inner"
          style="width: 5%;"
        />
        <div
          class="t-progress__info"
        >
          5%
        </div>
      </div>
    </div>
    <div
      style="margin: 20px 0px 10px;"
    >
      100%
    </div>
    <div>
      <div
        class="t-progress__bar t-progress--plump t-progress--status--success t-progress--over-ten"
      >
        <div
          class="t-progress__inner"
          style="width: 100%;"
        >
          <div
            class="t-progress__info"
            style="color: rgb(255, 255, 255);"
          >
            100%
          </div>
        </div>
      </div>
    </div>
    <div
      style="margin: 20px 0px 10px;"
    >
      success
    </div>
    <div>
      <div
        class="t-progress__bar t-progress--plump t-progress--status--success t-progress--over-ten"
      >
        <div
          class="t-progress__inner"
          style="width: 100%;"
        >
          <div
            class="t-progress__info"
            style="color: rgb(255, 255, 255);"
          >
            100%
          </div>
        </div>
      </div>
    </div>
    <div
      style="margin: 20px 0px 10px;"
    >
      warning
    </div>
    <div>
      <div
        class="t-progress__bar t-progress--plump t-progress--status--warning t-progress--over-ten"
      >
        <div
          class="t-progress__inner"
          style="width: 30%;"
        >
          <div
            class="t-progress__info"
            style="color: rgb(255, 255, 255);"
          >
            30%
          </div>
        </div>
      </div>
    </div>
    <div
      style="margin: 20px 0px 10px;"
    >
      error
    </div>
    <div>
      <div
        class="t-progress__bar t-progress--plump t-progress--status--error t-progress--over-ten"
      >
        <div
          class="t-progress__inner"
          style="width: 30%;"
        >
          <div
            class="t-progress__info"
            style="color: rgb(255, 255, 255);"
          >
            30%
          </div>
        </div>
      </div>
    </div>
    <div
      style="margin: 20px 0px 10px;"
    >
      active
    </div>
    <div>
      <div
        class="t-progress__bar t-progress--plump t-progress--status--active t-progress--over-ten"
      >
        <div
          class="t-progress__inner"
          style="width: 30%;"
        >
          <div
            class="t-progress__info"
            style="color: rgb(255, 255, 255);"
          >
            30%
          </div>
        </div>
      </div>
    </div>
    <div
      style="margin: 20px 0px 10px;"
    >
      不显示数字
    </div>
    <div>
      <div
        class="t-progress__bar t-progress--plump t-progress--over-ten"
      >
        <div
          class="t-progress__inner"
          style="width: 30%;"
        />
      </div>
    </div>
    <div
      style="margin: 20px 0px 10px;"
    >
      自定义颜色与尺寸
    </div>
    <div>
      <div
        class="t-progress__bar t-progress--plump t-progress--over-ten"
        style="height: 30px; background-color: rgb(0, 255, 0); border-radius: 30px;"
      >
        <div
          class="t-progress__inner"
          style="width: 30%; background: rgb(0, 0, 255); border-radius: 30px;"
        >
          <div
            class="t-progress__info"
            style="color: rgb(255, 255, 255);"
          >
            30%
          </div>
        </div>
      </div>
    </div>
    <div
      style="margin: 20px 0px 10px;"
    >
      进度条渐变色
    </div>
    <div>
      <div
        class="t-progress__bar t-progress--plump t-progress--over-ten"
      >
        <div
          class="t-progress__inner"
          style="width: 30%;"
        >
          <div
            class="t-progress__info"
            style="color: rgb(255, 255, 255);"
          >
            30%
          </div>
        </div>
      </div>
    </div>
    <br />
    <div>
      <div
        class="t-progress__bar t-progress--plump t-progress--over-ten"
        style="background-color: rgb(0, 255, 0);"
      >
        <div
          class="t-progress__inner"
          style="width: 30%;"
        >
          <div
            class="t-progress__info"
            style="color: rgb(255, 255, 255);"
          >
            30%
          </div>
        </div>
      </div>
    </div>
    <br />
    <div>
      <div
        class="t-progress__bar t-progress--plump t-progress--over-ten"
      >
        <div
          class="t-progress__inner"
          style="width: 30%;"
        >
          <div
            class="t-progress__info"
            style="color: rgb(255, 255, 255);"
          >
            30%
          </div>
        </div>
      </div>
    </div>
  </div>
</DocumentFragment>
`;
