// Jest Snapshot v1, https://goo.gl/fbAQLP

exports[`activable.jsx 1`] = `
<DocumentFragment>
  <div
    class="tdesign-tree-base"
  >
    <div
      class="operations"
    >
      <form
        class="t-form"
      >
        <div
          class="t-form__item"
        >
          <div
            class="t-form__label t-form__label--right"
            style="width: 120px;"
          >
            <label>
              ËäÇÁÇπÂèØÈ´ò‰∫Æ
            </label>
          </div>
          <div
            class="t-form__controls"
            style="margin-left: 120px;"
          >
            <div
              class="t-form__controls-content"
            >
              <button
                class="t-switch t-is-checked"
                role="switch"
                type="button"
              >
                <span
                  class="t-switch__handle"
                />
                <div
                  class="t-switch__content"
                />
              </button>
            </div>
          </div>
        </div>
        <div
          class="t-form__item"
        >
          <div
            class="t-form__label t-form__label--right"
            style="width: 120px;"
          >
            <label>
              ËäÇÁÇπÂèØÂ§öÈÄâÈ´ò‰∫Æ
            </label>
          </div>
          <div
            class="t-form__controls"
            style="margin-left: 120px;"
          >
            <div
              class="t-form__controls-content"
            >
              <button
                class="t-switch"
                role="switch"
                type="button"
              >
                <span
                  class="t-switch__handle"
                />
                <div
                  class="t-switch__content"
                />
              </button>
            </div>
          </div>
        </div>
        <div
          class="t-form__item"
        >
          <div
            class="t-form__label t-form__label--right"
            style="width: 120px;"
          >
            <label>
              Êï¥‰∏™ËäÇÁÇπÂèØÁÇπÂáª
            </label>
          </div>
          <div
            class="t-form__controls"
            style="margin-left: 120px;"
          >
            <div
              class="t-form__controls-content"
            >
              <button
                class="t-switch"
                role="switch"
                type="button"
              >
                <span
                  class="t-switch__handle"
                />
                <div
                  class="t-switch__content"
                />
              </button>
            </div>
          </div>
        </div>
      </form>
    </div>
    <div
      class="t-tree t-tree--hoverable t-tree--transition"
    >
      ÊöÇÊó†Êï∞ÊçÆ
    </div>
  </div>
</DocumentFragment>
`;

exports[`base.jsx 1`] = `
<DocumentFragment>
  <div
    class="tdesign-tree-base"
  >
    <div
      class="t-tree t-tree--hoverable t-tree--transition"
    >
      ÊöÇÊó†Êï∞ÊçÆ
    </div>
  </div>
</DocumentFragment>
`;

exports[`checkable.jsx 1`] = `
<DocumentFragment>
  <div
    class="tdesign-tree-base"
  >
    <div
      class="operations"
    >
      <form
        class="t-form"
      >
        <div
          class="t-form__item"
        >
          <div
            class="t-form__label t-form__label--right"
            style="width: 100px;"
          >
            <label>
              ÂèØÈÄâ
            </label>
          </div>
          <div
            class="t-form__controls"
            style="margin-left: 100px;"
          >
            <div
              class="t-form__controls-content"
            >
              <button
                class="t-switch t-is-checked"
                role="switch"
                type="button"
              >
                <span
                  class="t-switch__handle"
                />
                <div
                  class="t-switch__content"
                />
              </button>
            </div>
          </div>
        </div>
        <div
          class="t-form__item"
        >
          <div
            class="t-form__label t-form__label--right"
            style="width: 100px;"
          >
            <label>
              ‰∏•Ê†ºÊ®°Âºè
            </label>
          </div>
          <div
            class="t-form__controls"
            style="margin-left: 100px;"
          >
            <div
              class="t-form__controls-content"
            >
              <button
                class="t-switch"
                role="switch"
                type="button"
              >
                <span
                  class="t-switch__handle"
                />
                <div
                  class="t-switch__content"
                />
              </button>
            </div>
          </div>
        </div>
        <div
          class="t-form__item t-form-item__valueMode"
        >
          <div
            class="t-form__label t-form__label--right"
            style="width: 100px;"
          >
            <label>
              ÈÄâ‰∏≠ÂÄºÊ®°Âºè
            </label>
          </div>
          <div
            class="t-form__controls"
            style="margin-left: 100px;"
          >
            <div
              class="t-form__controls-content"
            >
              <div
                class="t-radio-group t-size-m t-radio-group__outline"
              >
                <label
                  class="t-radio t-is-checked"
                >
                  <input
                    checked=""
                    class="t-radio__former"
                    readonly=""
                    type="radio"
                    value="onlyLeaf"
                  />
                  <span
                    class="t-radio__input"
                  />
                  <span
                    class="t-radio__label"
                  >
                    onlyLeaf
                  </span>
                </label>
                <label
                  class="t-radio"
                >
                  <input
                    class="t-radio__former"
                    readonly=""
                    type="radio"
                    value="parentFirst"
                  />
                  <span
                    class="t-radio__input"
                  />
                  <span
                    class="t-radio__label"
                  >
                    parentFirst
                  </span>
                </label>
                <label
                  class="t-radio"
                >
                  <input
                    class="t-radio__former"
                    readonly=""
                    type="radio"
                    value="all"
                  />
                  <span
                    class="t-radio__input"
                  />
                  <span
                    class="t-radio__label"
                  >
                    all
                  </span>
                </label>
              </div>
            </div>
          </div>
        </div>
      </form>
    </div>
    <div
      class="t-tree t-tree--hoverable t-tree--checkable t-tree--transition"
    >
      ÊöÇÊó†Êï∞ÊçÆ
    </div>
  </div>
</DocumentFragment>
`;

exports[`controlled.jsx 1`] = `
<DocumentFragment>
  <div
    class="tdesign-tree-base"
  >
    <div
      class="t-addon t-addon--prepend"
    >
      <span
        class="t-addon__prepend"
      >
        checked:
      </span>
      <div
        class="t-input t-input__inner"
      >
        <input
          value="1.1.1.1, 1.1.1.2"
        />
      </div>
    </div>
    <div
      class="t-addon t-addon--prepend"
    >
      <span
        class="t-addon__prepend"
      >
        expanded:
      </span>
      <div
        class="t-input t-input__inner"
      >
        <input
          value="1, 1.1, 1.1.1, 2"
        />
      </div>
    </div>
    <div
      class="t-addon t-addon--prepend"
    >
      <span
        class="t-addon__prepend"
      >
        actived:
      </span>
      <div
        class="t-input t-input__inner"
      >
        <input
          value="2"
        />
      </div>
    </div>
    <div
      class="t-tree t-tree--checkable t-tree--transition"
    >
      ÊöÇÊó†Êï∞ÊçÆ
    </div>
  </div>
</DocumentFragment>
`;

exports[`disabled.jsx 1`] = `
<DocumentFragment>
  <div
    class="tdesign-tree-base"
  >
    <div
      class="operations"
    >
      <form
        class="t-form"
      >
        <div
          class="t-form__item"
        >
          <div
            class="t-form__label t-form__label--right"
            style="width: 120px;"
          >
            <label>
              ÊòØÂê¶Á¶ÅÁî®
            </label>
          </div>
          <div
            class="t-form__controls"
            style="margin-left: 120px;"
          >
            <div
              class="t-form__controls-content"
            >
              <button
                class="t-switch t-is-checked"
                role="switch"
                type="button"
              >
                <span
                  class="t-switch__handle"
                />
                <div
                  class="t-switch__content"
                />
              </button>
            </div>
          </div>
        </div>
      </form>
    </div>
    <div
      class="t-tree t-is-disabled t-tree--hoverable t-tree--checkable t-tree--transition"
    >
      ÊöÇÊó†Êï∞ÊçÆ
    </div>
  </div>
</DocumentFragment>
`;

exports[`empty.jsx 1`] = `
<DocumentFragment>
  <div
    class="tdesign-tree-base"
  >
    <div
      class="t-tree t-tree--transition"
    >
      ÊöÇÊó†Êï∞ÊçÆ
    </div>
    <br />
    <div
      class="t-tree t-tree--transition"
    >
      üòä Á©∫Êï∞ÊçÆÔºàstringÔºâ
    </div>
    <br />
    <div
      class="t-tree t-tree--transition"
    >
      <div>
        üòä Á©∫Êï∞ÊçÆÔºà empty props Ôºâ
      </div>
    </div>
    <br />
  </div>
</DocumentFragment>
`;

exports[`expand-all.jsx 1`] = `
<DocumentFragment>
  <div
    class="tdesign-tree-base"
  >
    <div
      class="operations"
    >
      <form
        class="t-form"
      >
        <div
          class="t-form__item"
        >
          <div
            class="t-form__label t-form__label--right"
            style="width: 150px;"
          >
            <label>
              ÂàáÊç¢Êï∞ÊçÆ
            </label>
          </div>
          <div
            class="t-form__controls"
            style="margin-left: 150px;"
          >
            <div
              class="t-form__controls-content"
            >
              <button
                class="t-switch"
                role="switch"
                type="button"
              >
                <span
                  class="t-switch__handle"
                />
                <div
                  class="t-switch__content"
                />
              </button>
            </div>
          </div>
        </div>
        <div
          class="t-form__item"
        >
          <div
            class="t-form__label t-form__label--right"
            style="width: 150px;"
          >
            <label>
              Êèê‰æõ hover Áä∂ÊÄÅ
            </label>
          </div>
          <div
            class="t-form__controls"
            style="margin-left: 150px;"
          >
            <div
              class="t-form__controls-content"
            >
              <button
                class="t-switch t-is-checked"
                role="switch"
                type="button"
              >
                <span
                  class="t-switch__handle"
                />
                <div
                  class="t-switch__content"
                />
              </button>
            </div>
          </div>
        </div>
        <div
          class="t-form__item"
        >
          <div
            class="t-form__label t-form__label--right"
            style="width: 150px;"
          >
            <label>
              Â±ïÂºÄÂä®Áîª
            </label>
          </div>
          <div
            class="t-form__controls"
            style="margin-left: 150px;"
          >
            <div
              class="t-form__controls-content"
            >
              <button
                class="t-switch t-is-checked"
                role="switch"
                type="button"
              >
                <span
                  class="t-switch__handle"
                />
                <div
                  class="t-switch__content"
                />
              </button>
            </div>
          </div>
        </div>
      </form>
    </div>
    <div
      class="t-tree t-tree--hoverable t-tree--transition"
    >
      ÊöÇÊó†Êï∞ÊçÆ
    </div>
  </div>
</DocumentFragment>
`;

exports[`expand-level.jsx 1`] = `
<DocumentFragment>
  <div
    class="tdesign-tree-base"
  >
    <div
      class="t-tree t-tree--hoverable t-tree--transition"
    >
      ÊöÇÊó†Êï∞ÊçÆ
    </div>
  </div>
</DocumentFragment>
`;

exports[`expand-mutex.jsx 1`] = `
<DocumentFragment>
  <div
    class="tdesign-tree-base"
  >
    <div
      class="operations"
    >
      <form
        class="t-form"
      >
        <div
          class="t-form__item"
        >
          <div
            class="t-form__label t-form__label--right"
            style="width: 120px;"
          >
            <label>
              ‰∫íÊñ•Â±ïÂºÄ
            </label>
          </div>
          <div
            class="t-form__controls"
            style="margin-left: 120px;"
          >
            <div
              class="t-form__controls-content"
            >
              <button
                class="t-switch t-is-checked"
                role="switch"
                type="button"
              >
                <span
                  class="t-switch__handle"
                />
                <div
                  class="t-switch__content"
                />
              </button>
            </div>
          </div>
        </div>
        <div
          class="t-form__item"
        >
          <div
            class="t-form__label t-form__label--right"
            style="width: 120px;"
          >
            <label>
              Êï¥‰∏™ËäÇÁÇπÂèØÁÇπÂáª
            </label>
          </div>
          <div
            class="t-form__controls"
            style="margin-left: 120px;"
          >
            <div
              class="t-form__controls-content"
            >
              <button
                class="t-switch t-is-checked"
                role="switch"
                type="button"
              >
                <span
                  class="t-switch__handle"
                />
                <div
                  class="t-switch__content"
                />
              </button>
            </div>
          </div>
        </div>
      </form>
    </div>
    <div
      class="t-tree t-tree--hoverable t-tree--transition t-tree--block-node"
    >
      ÊöÇÊó†Êï∞ÊçÆ
    </div>
  </div>
</DocumentFragment>
`;

exports[`filter.jsx 1`] = `
<DocumentFragment>
  <div
    class="tdesign-tree-base"
  >
    <div
      class="t-addon t-addon--prepend"
    >
      <span
        class="t-addon__prepend"
      >
        filter:
      </span>
      <div
        class="t-input t-input__inner"
      >
        <input
          value=""
        />
      </div>
    </div>
    <div
      class="t-tree t-tree--hoverable t-tree--transition t-tree--block-node"
    >
      ÊöÇÊó†Êï∞ÊçÆ
    </div>
  </div>
</DocumentFragment>
`;

exports[`icon.jsx 1`] = `
<DocumentFragment>
  <div
    class="tdesign-tree-base"
  >
    <h3>
      render 1:
    </h3>
    <div
      class="t-tree t-tree--hoverable t-tree--transition"
    >
      ÊöÇÊó†Êï∞ÊçÆ
    </div>
    <h3>
      render 2:
    </h3>
    <div
      class="t-tree t-tree--hoverable t-tree--transition"
    >
      ÊöÇÊó†Êï∞ÊçÆ
    </div>
  </div>
</DocumentFragment>
`;

exports[`label.jsx 1`] = `
<DocumentFragment>
  <div
    class="tdesign-tree-base"
  >
    <div
      class="t-tree t-tree--transition"
    >
      ÊöÇÊó†Êï∞ÊçÆ
    </div>
  </div>
</DocumentFragment>
`;

exports[`lazy.jsx 1`] = `
<DocumentFragment>
  <div
    class="tdesign-tree-base"
  >
    <div
      class="t-tree t-tree--hoverable t-tree--transition"
    >
      ÊöÇÊó†Êï∞ÊçÆ
    </div>
  </div>
</DocumentFragment>
`;

exports[`line.jsx 1`] = `
<DocumentFragment>
  <div
    class="tdesign-tree-line"
  >
    <div
      class="operations"
    >
      <form
        class="t-form"
      >
        <div
          class="t-form__item"
        >
          <div
            class="t-form__label t-form__label--right"
            style="width: 100px;"
          >
            <label>
              ÊòæÁ§∫ËøûÁ∫ø
            </label>
          </div>
          <div
            class="t-form__controls"
            style="margin-left: 100px;"
          >
            <div
              class="t-form__controls-content"
            >
              <button
                class="t-switch t-is-checked"
                role="switch"
                type="button"
              >
                <span
                  class="t-switch__handle"
                />
                <div
                  class="t-switch__content"
                />
              </button>
            </div>
          </div>
        </div>
        <div
          class="t-form__item"
        >
          <div
            class="t-form__label t-form__label--right"
            style="width: 100px;"
          >
            <label>
              ÊòæÁ§∫ÂõæÊ†á
            </label>
          </div>
          <div
            class="t-form__controls"
            style="margin-left: 100px;"
          >
            <div
              class="t-form__controls-content"
            >
              <button
                class="t-switch t-is-checked"
                role="switch"
                type="button"
              >
                <span
                  class="t-switch__handle"
                />
                <div
                  class="t-switch__content"
                />
              </button>
            </div>
          </div>
        </div>
      </form>
    </div>
    <div
      class="t-tree t-tree--transition"
    >
      ÊöÇÊó†Êï∞ÊçÆ
    </div>
    <h3>
      render
    </h3>
    <div
      class="t-tree t-tree--transition"
    >
      ÊöÇÊó†Êï∞ÊçÆ
    </div>
  </div>
</DocumentFragment>
`;

exports[`load.jsx 1`] = `
<DocumentFragment>
  <div
    class="tdesign-tree-base"
  >
    <div
      class="t-tree t-tree--hoverable t-tree--transition"
    >
      ÊöÇÊó†Êï∞ÊçÆ
    </div>
  </div>
</DocumentFragment>
`;

exports[`operations.jsx 1`] = `
<DocumentFragment>
  <div
    class="tdesign-tree-base"
  >
    <h3
      class="title"
    >
      render:
    </h3>
    <div
      class="t-tree t-tree--hoverable t-tree--transition"
    >
      ÊöÇÊó†Êï∞ÊçÆ
    </div>
    <h3
      class="title"
    >
      api:
    </h3>
    <div
      class="operations"
    >
      <form
        class="t-form"
      >
        <div
          class="t-form__item"
        >
          <div
            class="t-form__label t-form__label--right"
            style="width: 200px;"
          >
            <label>
              ÊèíÂÖ•ËäÇÁÇπ‰ΩøÁî®È´ò‰∫ÆËäÇÁÇπ
            </label>
          </div>
          <div
            class="t-form__controls"
            style="margin-left: 200px;"
          >
            <div
              class="t-form__controls-content"
            >
              <button
                class="t-switch"
                role="switch"
                type="button"
              >
                <span
                  class="t-switch__handle"
                />
                <div
                  class="t-switch__content"
                />
              </button>
            </div>
          </div>
        </div>
        <div
          class="t-form__item"
        >
          <div
            class="t-form__label t-form__label--right"
            style="width: 200px;"
          >
            <label>
              Â≠êËäÇÁÇπÂ±ïÂºÄËß¶ÂèëÁà∂ËäÇÁÇπÂ±ïÂºÄ
            </label>
          </div>
          <div
            class="t-form__controls"
            style="margin-left: 200px;"
          >
            <div
              class="t-form__controls-content"
            >
              <button
                class="t-switch t-is-checked"
                role="switch"
                type="button"
              >
                <span
                  class="t-switch__handle"
                />
                <div
                  class="t-switch__content"
                />
              </button>
            </div>
          </div>
        </div>
      </form>
    </div>
    <div
      class="operations"
    >
      <div
        class="t-addon t-addon--prepend"
      >
        <span
          class="t-addon__prepend"
        >
          filter:
        </span>
        <div
          class="t-input t-input__inner"
        >
          <input
            value=""
          />
        </div>
      </div>
    </div>
    <div
      class="t-tree t-tree--hoverable t-tree--checkable t-tree--transition"
    >
      ÊöÇÊó†Êï∞ÊçÆ
    </div>
    <h3
      class="title"
    >
      api:
    </h3>
    <div
      class="operations"
    >
      <button
        class="t-button t-button--theme-primary t-button--variant-base"
        style="margin: 0px 10px 10px 0px; position: relative;"
        type="button"
      >
        <span
          class="t-button__text"
        >
          Ëé∑Âèñ value ‰∏∫ 'node1' ÁöÑÂçï‰∏™ËäÇÁÇπ
        </span>
      </button>
      <button
        class="t-button t-button--theme-primary t-button--variant-base"
        style="margin: 0px 10px 10px 0px; position: relative;"
        type="button"
      >
        <span
          class="t-button__text"
        >
          Ëé∑ÂèñÊâÄÊúâËäÇÁÇπ
        </span>
      </button>
      <button
        class="t-button t-button--theme-primary t-button--variant-base"
        style="margin: 0px 10px 10px 0px; position: relative;"
        type="button"
      >
        <span
          class="t-button__text"
        >
          Ëé∑ÂèñÈ´ò‰∫ÆËäÇÁÇπÁöÑÊâÄÊúâÂ≠êËäÇÁÇπ
        </span>
      </button>
      <button
        class="t-button t-button--theme-primary t-button--variant-base"
        style="margin: 0px 10px 10px 0px; position: relative;"
        type="button"
      >
        <span
          class="t-button__text"
        >
          Ëé∑ÂèñÊâÄÊúâÈ´ò‰∫ÆËäÇÁÇπ
        </span>
      </button>
      <button
        class="t-button t-button--theme-primary t-button--variant-base"
        style="margin: 0px 10px 10px 0px; position: relative;"
        type="button"
      >
        <span
          class="t-button__text"
        >
          Ëé∑ÂèñÈ´ò‰∫ÆËäÇÁÇπ‰∏ãÁöÑÈÄâ‰∏≠ËäÇÁÇπ
        </span>
      </button>
      <button
        class="t-button t-button--theme-primary t-button--variant-base"
        style="margin: 0px 10px 10px 0px; position: relative;"
        type="button"
      >
        <span
          class="t-button__text"
        >
          ÊèíÂÖ•‰∏Ä‰∏™Ê†πËäÇÁÇπ
        </span>
      </button>
      <button
        class="t-button t-button--theme-primary t-button--variant-base"
        style="margin: 0px 10px 10px 0px; position: relative;"
        type="button"
      >
        <span
          class="t-button__text"
        >
          Ëé∑ÂèñÈ´ò‰∫ÆËäÇÁÇπÁöÑÁà∂ËäÇÁÇπ
        </span>
      </button>
      <button
        class="t-button t-button--theme-primary t-button--variant-base"
        style="margin: 0px 10px 10px 0px; position: relative;"
        type="button"
      >
        <span
          class="t-button__text"
        >
          Ëé∑ÂèñÈ´ò‰∫ÆËäÇÁÇπÁöÑÊâÄÊúâÁà∂ËäÇÁÇπ
        </span>
      </button>
      <button
        class="t-button t-button--theme-primary t-button--variant-base"
        style="margin: 0px 10px 10px 0px; position: relative;"
        type="button"
      >
        <span
          class="t-button__text"
        >
          Ëé∑ÂèñÈ´ò‰∫ÆËäÇÁÇπÂú®Â≠êËäÇÁÇπ‰∏≠ÁöÑ‰ΩçÁΩÆ
        </span>
      </button>
      <button
        class="t-button t-button--theme-primary t-button--variant-base"
        style="margin: 0px 10px 10px 0px; position: relative;"
        type="button"
      >
        <span
          class="t-button__text"
        >
          ÈÄâ‰∏≠È´ò‰∫ÆËäÇÁÇπ
        </span>
      </button>
      <button
        class="t-button t-button--theme-primary t-button--variant-base"
        style="margin: 0px 10px 10px 0px; position: relative;"
        type="button"
      >
        <span
          class="t-button__text"
        >
          Â±ïÂºÄÈ´ò‰∫ÆËäÇÁÇπ
        </span>
      </button>
      <button
        class="t-button t-button--theme-primary t-button--variant-base"
        style="margin: 0px 10px 10px 0px; position: relative;"
        type="button"
      >
        <span
          class="t-button__text"
        >
          Ëé∑ÂèñÈ´ò‰∫ÆËäÇÁÇπ‰∏éÂÖ∂Â≠êËäÇÁÇπÁöÑÊï∞ÊçÆ
        </span>
      </button>
    </div>
  </div>
</DocumentFragment>
`;

exports[`state.jsx 1`] = `
<DocumentFragment>
  <div
    class="tdesign-tree-state"
  >
    <h3
      class="title"
    >
      state:
    </h3>
    <div
      class="t-tree t-tree--hoverable t-tree--checkable t-tree--transition"
    >
      ÊöÇÊó†Êï∞ÊçÆ
    </div>
    <h3
      class="title"
    >
      api:
    </h3>
    <div
      class="operations"
    >
      <button
        class="t-button t-button--theme-primary t-button--variant-base"
        style="position: relative;"
        type="button"
      >
        <span
          class="t-button__text"
        >
          ÊèíÂÖ•‰∏Ä‰∏™Ê†πËäÇÁÇπ
        </span>
      </button>
    </div>
  </div>
</DocumentFragment>
`;

exports[`sync.jsx 1`] = `
<DocumentFragment>
  <div
    class="tdesign-tree-base"
  >
    <div
      class="t-addon t-addon--prepend"
    >
      <span
        class="t-addon__prepend"
      >
        checked:
      </span>
      <div
        class="t-input t-input__inner"
      >
        <input
          value="{1.1.1.1}, {1.1.1.2}"
        />
      </div>
    </div>
    <div
      class="t-addon t-addon--prepend"
    >
      <span
        class="t-addon__prepend"
      >
        expanded:
      </span>
      <div
        class="t-input t-input__inner"
      >
        <input
          value="{1}, {1.1}, {1.1.1}, {2}"
        />
      </div>
    </div>
    <div
      class="t-addon t-addon--prepend"
    >
      <span
        class="t-addon__prepend"
      >
        actived:
      </span>
      <div
        class="t-input t-input__inner"
      >
        <input
          value="{2}"
        />
      </div>
    </div>
    <div
      class="t-tree t-tree--checkable t-tree--transition"
    >
      ÊöÇÊó†Êï∞ÊçÆ
    </div>
  </div>
</DocumentFragment>
`;
