// Vitest Snapshot v1

exports[`Tree Component > props.data works fine 1`] = `
<div>
  <div
    class="t-tree t-tree--transition"
  >
    <div
      class="t-tree__list"
      name="t-tree-toggle"
    >
      <div
        class="t-tree__item"
        data-level="0"
        data-value="t9"
        draggable="false"
        style="--level: 0;"
      >
        <span
          class="t-tree__icon t-folder-icon t-tree__icon--default"
        >
          <svg
            class="t-icon t-icon-caret-right-small t-icon-arrow-right"
            fill="none"
            height="1em"
            viewBox="0 0 16 16"
            width="1em"
          >
            <path
              d="M6 5v6l4.5-3L6 5z"
              fill="currentColor"
              fill-opacity="0.9"
            />
          </svg>
        </span>
        <span
          class="t-tree__label t-tree__label--strictly"
          date-target="label"
          title="第一段"
        >
          <span
            style="position: relative;"
          >
            第一段
          </span>
        </span>
      </div>
      <div
        class="t-tree__item"
        data-level="0"
        data-value="t12"
        draggable="false"
        style="--level: 0;"
      >
        <span
          class="t-tree__icon t-folder-icon"
        />
        <span
          class="t-tree__label t-tree__label--strictly"
          date-target="label"
          title="第二段"
        >
          <span
            style="position: relative;"
          >
            第二段
          </span>
        </span>
      </div>
    </div>
  </div>
</div>
`;
